../Drivers/CMSIS/Include/core_cm4.h:2064:26:ITM_SendChar	16	static,ignoring_inline_asm
../Core/Src/main.c:111:5:_write	32	static
../Core/Src/main.c:123:5:main	8	static
../Core/Src/main.c:204:6:SystemClock_Config	88	static
../Core/Src/main.c:257:13:MX_GPIO_Init	40	static
../Core/Src/main.c:292:6:StartDefaultTask	16	static
../Core/Src/main.c:314:6:StartTask02	16	static
../Core/Src/main.c:352:6:HAL_TIM_PeriodElapsedCallback	16	static
../Core/Src/main.c:369:6:Error_Handler	4	static,ignoring_inline_asm
