../Drivers/BSP/Components/mfxstm32l152/mfxstm32l152.c:149:6:mfxstm32l152_Init	24	static
../Drivers/BSP/Components/mfxstm32l152/mfxstm32l152.c:182:6:mfxstm32l152_DeInit	24	static
../Drivers/BSP/Components/mfxstm32l152/mfxstm32l152.c:202:6:mfxstm32l152_Reset	16	static
../Drivers/BSP/Components/mfxstm32l152/mfxstm32l152.c:216:7:mfxstm32l152_LowPower	16	static
../Drivers/BSP/Components/mfxstm32l152/mfxstm32l152.c:230:7:mfxstm32l152_WakeUp	24	static
../Drivers/BSP/Components/mfxstm32l152/mfxstm32l152.c:253:10:mfxstm32l152_ReadID	24	static
../Drivers/BSP/Components/mfxstm32l152/mfxstm32l152.c:274:10:mfxstm32l152_ReadFwVersion	24	static
../Drivers/BSP/Components/mfxstm32l152/mfxstm32l152.c:298:6:mfxstm32l152_EnableITSource	24	static
../Drivers/BSP/Components/mfxstm32l152/mfxstm32l152.c:326:6:mfxstm32l152_DisableITSource	24	static
../Drivers/BSP/Components/mfxstm32l152/mfxstm32l152.c:355:9:mfxstm32l152_GlobalITStatus	16	static
../Drivers/BSP/Components/mfxstm32l152/mfxstm32l152.c:377:6:mfxstm32l152_ClearGlobalIT	16	static
../Drivers/BSP/Components/mfxstm32l152/mfxstm32l152.c:391:6:mfxstm32l152_SetIrqOutPinPolarity	24	static
../Drivers/BSP/Components/mfxstm32l152/mfxstm32l152.c:420:6:mfxstm32l152_SetIrqOutPinType	24	static
../Drivers/BSP/Components/mfxstm32l152/mfxstm32l152.c:453:6:mfxstm32l152_IO_Start	24	static
../Drivers/BSP/Components/mfxstm32l152/mfxstm32l152.c:516:9:mfxstm32l152_IO_Config	24	static
../Drivers/BSP/Components/mfxstm32l152/mfxstm32l152.c:718:6:mfxstm32l152_IO_InitPin	16	static
../Drivers/BSP/Components/mfxstm32l152/mfxstm32l152.c:734:6:mfxstm32l152_IO_SetIrqEvtMode	16	static
../Drivers/BSP/Components/mfxstm32l152/mfxstm32l152.c:752:6:mfxstm32l152_IO_SetIrqTypeMode	16	static
../Drivers/BSP/Components/mfxstm32l152/mfxstm32l152.c:767:6:mfxstm32l152_IO_WritePin	16	static
../Drivers/BSP/Components/mfxstm32l152/mfxstm32l152.c:790:10:mfxstm32l152_IO_ReadPin	32	static
../Drivers/BSP/Components/mfxstm32l152/mfxstm32l152.c:819:6:mfxstm32l152_IO_EnableIT	16	static
../Drivers/BSP/Components/mfxstm32l152/mfxstm32l152.c:832:6:mfxstm32l152_IO_DisableIT	16	static
../Drivers/BSP/Components/mfxstm32l152/mfxstm32l152.c:846:6:mfxstm32l152_IO_EnablePinIT	16	static
../Drivers/BSP/Components/mfxstm32l152/mfxstm32l152.c:859:6:mfxstm32l152_IO_DisablePinIT	16	static
../Drivers/BSP/Components/mfxstm32l152/mfxstm32l152.c:872:10:mfxstm32l152_IO_ITStatus	24	static
../Drivers/BSP/Components/mfxstm32l152/mfxstm32l152.c:904:6:mfxstm32l152_IO_ClearIT	24	static
../Drivers/BSP/Components/mfxstm32l152/mfxstm32l152.c:936:6:mfxstm32l152_IO_EnableAF	24	static
../Drivers/BSP/Components/mfxstm32l152/mfxstm32l152.c:962:7:mfxstm32l152_IO_DisableAF	24	static
../Drivers/BSP/Components/mfxstm32l152/mfxstm32l152.c:994:6:mfxstm32l152_TS_Start	24	static
../Drivers/BSP/Components/mfxstm32l152/mfxstm32l152.c:1044:9:mfxstm32l152_TS_DetectTouch	24	static
../Drivers/BSP/Components/mfxstm32l152/mfxstm32l152.c:1070:6:mfxstm32l152_TS_GetXY	32	static
../Drivers/BSP/Components/mfxstm32l152/mfxstm32l152.c:1089:6:mfxstm32l152_TS_EnableIT	16	static
../Drivers/BSP/Components/mfxstm32l152/mfxstm32l152.c:1102:6:mfxstm32l152_TS_DisableIT	16	static
../Drivers/BSP/Components/mfxstm32l152/mfxstm32l152.c:1113:9:mfxstm32l152_TS_ITStatus	16	static
../Drivers/BSP/Components/mfxstm32l152/mfxstm32l152.c:1124:6:mfxstm32l152_TS_ClearIT	16	static
../Drivers/BSP/Components/mfxstm32l152/mfxstm32l152.c:1139:6:mfxstm32l152_IDD_Start	24	static
../Drivers/BSP/Components/mfxstm32l152/mfxstm32l152.c:1159:6:mfxstm32l152_IDD_Config	32	static
../Drivers/BSP/Components/mfxstm32l152/mfxstm32l152.c:1268:6:mfxstm32l152_IDD_ConfigShuntNbLimit	24	static
../Drivers/BSP/Components/mfxstm32l152/mfxstm32l152.c:1291:6:mfxstm32l152_IDD_GetValue	24	static
../Drivers/BSP/Components/mfxstm32l152/mfxstm32l152.c:1307:10:mfxstm32l152_IDD_GetShuntUsed	16	static
../Drivers/BSP/Components/mfxstm32l152/mfxstm32l152.c:1317:6:mfxstm32l152_IDD_EnableIT	16	static
../Drivers/BSP/Components/mfxstm32l152/mfxstm32l152.c:1330:6:mfxstm32l152_IDD_ClearIT	16	static
../Drivers/BSP/Components/mfxstm32l152/mfxstm32l152.c:1341:9:mfxstm32l152_IDD_GetITStatus	16	static
../Drivers/BSP/Components/mfxstm32l152/mfxstm32l152.c:1352:6:mfxstm32l152_IDD_DisableIT	16	static
../Drivers/BSP/Components/mfxstm32l152/mfxstm32l152.c:1368:9:mfxstm32l152_Error_ReadSrc	16	static
../Drivers/BSP/Components/mfxstm32l152/mfxstm32l152.c:1379:9:mfxstm32l152_Error_ReadMsg	16	static
../Drivers/BSP/Components/mfxstm32l152/mfxstm32l152.c:1391:6:mfxstm32l152_Error_EnableIT	16	static
../Drivers/BSP/Components/mfxstm32l152/mfxstm32l152.c:1404:6:mfxstm32l152_Error_ClearIT	16	static
../Drivers/BSP/Components/mfxstm32l152/mfxstm32l152.c:1415:9:mfxstm32l152_Error_GetITStatus	16	static
../Drivers/BSP/Components/mfxstm32l152/mfxstm32l152.c:1426:6:mfxstm32l152_Error_DisableIT	16	static
../Drivers/BSP/Components/mfxstm32l152/mfxstm32l152.c:1435:9:mfxstm32l152_ReadReg	16	static
../Drivers/BSP/Components/mfxstm32l152/mfxstm32l152.c:1441:6:mfxstm32l152_WriteReg	16	static
../Drivers/BSP/Components/mfxstm32l152/mfxstm32l152.c:1456:16:mfxstm32l152_GetInstance	24	static
../Drivers/BSP/Components/mfxstm32l152/mfxstm32l152.c:1477:16:mfxstm32l152_ReleaseInstance	24	static
../Drivers/BSP/Components/mfxstm32l152/mfxstm32l152.c:1501:6:mfxstm32l152_reg24_setPinValue	24	static
