../Drivers/CMSIS/Include/core_cm4.h:2064:26:ITM_SendChar	16	static,ignoring_inline_asm
../Core/Src/main.c:122:5:_write	32	static
../Core/Src/main.c:134:5:main	8	static
../Core/Src/main.c:219:6:SystemClock_Config	88	static
../Core/Src/main.c:272:13:MX_GPIO_Init	40	static
../Core/Src/main.c:307:6:StartDefaultTask	16	static
../Core/Src/main.c:341:6:StartTask02	16	static
../Core/Src/main.c:378:6:HAL_TIM_PeriodElapsedCallback	16	static
../Core/Src/main.c:395:6:Error_Handler	4	static,ignoring_inline_asm
