../Drivers/CMSIS/Include/core_cm4.h:2064:26:ITM_SendChar	16	static,ignoring_inline_asm
../Core/Src/main.c:96:5:_write	32	static
../Core/Src/main.c:108:5:main	8	static
../Core/Src/main.c:189:6:SystemClock_Config	88	static
../Core/Src/main.c:242:13:MX_GPIO_Init	40	static
../Core/Src/main.c:277:6:StartDefaultTask	16	static
../Core/Src/main.c:307:6:HAL_TIM_PeriodElapsedCallback	16	static
../Core/Src/main.c:321:6:Timer_Callback1	16	static
../Core/Src/main.c:332:6:Error_Handler	4	static,ignoring_inline_asm
