Archive member included to satisfy reference by file (symbol)

C:\Users\MFIBADEK\STM32CubeIDE\Embedded-systems-course-tutorials-with-ARM-Cortex-M-MCU-and-STM32CUBEIDE\CH12 DSP - Tutorial 12-5 Demo of CMSIS DSP lib for FFT calculation\Lib\libarm_cortexM4lf_math.a(arm_rfft_fast_init_f32.o)
                              ./Core/Src/main.o (arm_rfft_fast_init_f32)
C:\Users\MFIBADEK\STM32CubeIDE\Embedded-systems-course-tutorials-with-ARM-Cortex-M-MCU-and-STM32CUBEIDE\CH12 DSP - Tutorial 12-5 Demo of CMSIS DSP lib for FFT calculation\Lib\libarm_cortexM4lf_math.a(arm_rfft_fast_f32.o)
                              ./Core/Src/main.o (arm_rfft_fast_f32)
C:\Users\MFIBADEK\STM32CubeIDE\Embedded-systems-course-tutorials-with-ARM-Cortex-M-MCU-and-STM32CUBEIDE\CH12 DSP - Tutorial 12-5 Demo of CMSIS DSP lib for FFT calculation\Lib\libarm_cortexM4lf_math.a(arm_cfft_f32.o)
                              C:\Users\MFIBADEK\STM32CubeIDE\Embedded-systems-course-tutorials-with-ARM-Cortex-M-MCU-and-STM32CUBEIDE\CH12 DSP - Tutorial 12-5 Demo of CMSIS DSP lib for FFT calculation\Lib\libarm_cortexM4lf_math.a(arm_rfft_fast_f32.o) (arm_cfft_f32)
C:\Users\MFIBADEK\STM32CubeIDE\Embedded-systems-course-tutorials-with-ARM-Cortex-M-MCU-and-STM32CUBEIDE\CH12 DSP - Tutorial 12-5 Demo of CMSIS DSP lib for FFT calculation\Lib\libarm_cortexM4lf_math.a(arm_cmplx_mag_f32.o)
                              ./Core/Src/main.o (arm_cmplx_mag_f32)
C:\Users\MFIBADEK\STM32CubeIDE\Embedded-systems-course-tutorials-with-ARM-Cortex-M-MCU-and-STM32CUBEIDE\CH12 DSP - Tutorial 12-5 Demo of CMSIS DSP lib for FFT calculation\Lib\libarm_cortexM4lf_math.a(arm_sin_f32.o)
                              ./Core/Src/main.o (arm_sin_f32)
C:\Users\MFIBADEK\STM32CubeIDE\Embedded-systems-course-tutorials-with-ARM-Cortex-M-MCU-and-STM32CUBEIDE\CH12 DSP - Tutorial 12-5 Demo of CMSIS DSP lib for FFT calculation\Lib\libarm_cortexM4lf_math.a(arm_common_tables.o)
                              C:\Users\MFIBADEK\STM32CubeIDE\Embedded-systems-course-tutorials-with-ARM-Cortex-M-MCU-and-STM32CUBEIDE\CH12 DSP - Tutorial 12-5 Demo of CMSIS DSP lib for FFT calculation\Lib\libarm_cortexM4lf_math.a(arm_sin_f32.o) (sinTable_f32)
C:\Users\MFIBADEK\STM32CubeIDE\Embedded-systems-course-tutorials-with-ARM-Cortex-M-MCU-and-STM32CUBEIDE\CH12 DSP - Tutorial 12-5 Demo of CMSIS DSP lib for FFT calculation\Lib\libarm_cortexM4lf_math.a(arm_bitreversal2.o)
                              C:\Users\MFIBADEK\STM32CubeIDE\Embedded-systems-course-tutorials-with-ARM-Cortex-M-MCU-and-STM32CUBEIDE\CH12 DSP - Tutorial 12-5 Demo of CMSIS DSP lib for FFT calculation\Lib\libarm_cortexM4lf_math.a(arm_cfft_f32.o) (arm_bitreversal_32)
C:\Users\MFIBADEK\STM32CubeIDE\Embedded-systems-course-tutorials-with-ARM-Cortex-M-MCU-and-STM32CUBEIDE\CH12 DSP - Tutorial 12-5 Demo of CMSIS DSP lib for FFT calculation\Lib\libarm_cortexM4lf_math.a(arm_cfft_radix8_f32.o)
                              C:\Users\MFIBADEK\STM32CubeIDE\Embedded-systems-course-tutorials-with-ARM-Cortex-M-MCU-and-STM32CUBEIDE\CH12 DSP - Tutorial 12-5 Demo of CMSIS DSP lib for FFT calculation\Lib\libarm_cortexM4lf_math.a(arm_cfft_f32.o) (arm_radix8_butterfly_f32)
C:/ST/STM32CubeIDE_1.12.1/STM32CubeIDE/plugins/com.st.stm32cube.ide.mcu.externaltools.gnu-tools-for-stm32.11.3.rel1.win32_1.1.100.202309141235/tools/bin/../lib/gcc/arm-none-eabi/11.3.1/../../../../arm-none-eabi/lib/thumb/v7e-m+fp/hard\libc_nano.a(libc_a-exit.o)
                              C:/ST/STM32CubeIDE_1.12.1/STM32CubeIDE/plugins/com.st.stm32cube.ide.mcu.externaltools.gnu-tools-for-stm32.11.3.rel1.win32_1.1.100.202309141235/tools/bin/../lib/gcc/arm-none-eabi/11.3.1/../../../../arm-none-eabi/lib/thumb/v7e-m+fp/hard/crt0.o (exit)
C:/ST/STM32CubeIDE_1.12.1/STM32CubeIDE/plugins/com.st.stm32cube.ide.mcu.externaltools.gnu-tools-for-stm32.11.3.rel1.win32_1.1.100.202309141235/tools/bin/../lib/gcc/arm-none-eabi/11.3.1/../../../../arm-none-eabi/lib/thumb/v7e-m+fp/hard\libc_nano.a(libc_a-findfp.o)
                              C:/ST/STM32CubeIDE_1.12.1/STM32CubeIDE/plugins/com.st.stm32cube.ide.mcu.externaltools.gnu-tools-for-stm32.11.3.rel1.win32_1.1.100.202309141235/tools/bin/../lib/gcc/arm-none-eabi/11.3.1/../../../../arm-none-eabi/lib/thumb/v7e-m+fp/hard\libc_nano.a(libc_a-exit.o) (__stdio_exit_handler)
C:/ST/STM32CubeIDE_1.12.1/STM32CubeIDE/plugins/com.st.stm32cube.ide.mcu.externaltools.gnu-tools-for-stm32.11.3.rel1.win32_1.1.100.202309141235/tools/bin/../lib/gcc/arm-none-eabi/11.3.1/../../../../arm-none-eabi/lib/thumb/v7e-m+fp/hard\libc_nano.a(libc_a-fwalk.o)
                              C:/ST/STM32CubeIDE_1.12.1/STM32CubeIDE/plugins/com.st.stm32cube.ide.mcu.externaltools.gnu-tools-for-stm32.11.3.rel1.win32_1.1.100.202309141235/tools/bin/../lib/gcc/arm-none-eabi/11.3.1/../../../../arm-none-eabi/lib/thumb/v7e-m+fp/hard\libc_nano.a(libc_a-findfp.o) (_fwalk_sglue)
[...]
Memory Configuration

Name             Origin             Length             Attributes
CCMRAM           0x0000000010000000 0x0000000000010000 xrw
RAM              0x0000000020000000 0x0000000000030000 xrw
FLASH            0x0000000008000000 0x0000000000200000 xr
*default*        0x0000000000000000 0xffffffffffffffff

Linker script and memory map

LOAD C:/ST/STM32CubeIDE_1.12.1/STM32CubeIDE/plugins/com.st.stm32cube.ide.mcu.externaltools.gnu-tools-for-stm32.11.3.rel1.win32_1.1.100.202309141235/tools/bin/../lib/gcc/arm-none-eabi/11.3.1/thumb/v7e-m+fp/hard/crti.o
LOAD C:/ST/STM32CubeIDE_1.12.1/STM32CubeIDE/plugins/com.st.stm32cube.ide.mcu.externaltools.gnu-tools-for-stm32.11.3.rel1.win32_1.1.100.202309141235/tools/bin/../lib/gcc/arm-none-eabi/11.3.1/thumb/v7e-m+fp/hard/crtbegin.o
LOAD C:/ST/STM32CubeIDE_1.12.1/STM32CubeIDE/plugins/com.st.stm32cube.ide.mcu.externaltools.gnu-tools-for-stm32.11.3.rel1.win32_1.1.100.202309141235/tools/bin/../lib/gcc/arm-none-eabi/11.3.1/../../../../arm-none-eabi/lib/thumb/v7e-m+fp/hard/crt0.o
LOAD ./Core/Src/main.o
LOAD ./Core/Src/stm32f4xx_hal_msp.o
LOAD ./Core/Src/stm32f4xx_it.o
LOAD ./Core/Src/syscalls.o
LOAD ./Core/Src/sysmem.o
LOAD ./Core/Src/system_stm32f4xx.o
LOAD ./Core/Startup/startup_stm32f429zitx.o
LOAD ./Drivers/STM32F4xx_HAL_Driver/Src/stm32f4xx_hal.o
LOAD ./Drivers/STM32F4xx_HAL_Driver/Src/stm32f4xx_hal_adc.o
LOAD ./Drivers/STM32F4xx_HAL_Driver/Src/stm32f4xx_hal_adc_ex.o
LOAD ./Drivers/STM32F4xx_HAL_Driver/Src/stm32f4xx_hal_cortex.o
LOAD ./Drivers/STM32F4xx_HAL_Driver/Src/stm32f4xx_hal_dac.o
LOAD ./Drivers/STM32F4xx_HAL_Driver/Src/stm32f4xx_hal_dac_ex.o
LOAD ./Drivers/STM32F4xx_HAL_Driver/Src/stm32f4xx_hal_dma.o
LOAD ./Drivers/STM32F4xx_HAL_Driver/Src/stm32f4xx_hal_dma_ex.o
LOAD ./Drivers/STM32F4xx_HAL_Driver/Src/stm32f4xx_hal_exti.o
LOAD ./Drivers/STM32F4xx_HAL_Driver/Src/stm32f4xx_hal_flash.o
LOAD ./Drivers/STM32F4xx_HAL_Driver/Src/stm32f4xx_hal_flash_ex.o
LOAD ./Drivers/STM32F4xx_HAL_Driver/Src/stm32f4xx_hal_flash_ramfunc.o
LOAD ./Drivers/STM32F4xx_HAL_Driver/Src/stm32f4xx_hal_gpio.o
LOAD ./Drivers/STM32F4xx_HAL_Driver/Src/stm32f4xx_hal_pwr.o
LOAD ./Drivers/STM32F4xx_HAL_Driver/Src/stm32f4xx_hal_pwr_ex.o
LOAD ./Drivers/STM32F4xx_HAL_Driver/Src/stm32f4xx_hal_rcc.o
LOAD ./Drivers/STM32F4xx_HAL_Driver/Src/stm32f4xx_hal_rcc_ex.o
LOAD ./Drivers/STM32F4xx_HAL_Driver/Src/stm32f4xx_hal_tim.o
LOAD ./Drivers/STM32F4xx_HAL_Driver/Src/stm32f4xx_hal_tim_ex.o
LOAD ./Drivers/STM32F4xx_HAL_Driver/Src/stm32f4xx_ll_adc.o
LOAD C:\Users\MFIBADEK\STM32CubeIDE\Embedded-systems-course-tutorials-with-ARM-Cortex-M-MCU-and-STM32CUBEIDE\CH12 DSP - Tutorial 12-5 Demo of CMSIS DSP lib for FFT calculation\Lib\libarm_cortexM4lf_math.a
START GROUP
LOAD C:/ST/STM32CubeIDE_1.12.1/STM32CubeIDE/plugins/com.st.stm32cube.ide.mcu.externaltools.gnu-tools-for-stm32.11.3.rel1.win32_1.1.100.202309141235/tools/bin/../lib/gcc/arm-none-eabi/11.3.1/../../../../arm-none-eabi/lib/thumb/v7e-m+fp/hard\libc_nano.a
LOAD C:/ST/STM32CubeIDE_1.12.1/STM32CubeIDE/plugins/com.st.stm32cube.ide.mcu.externaltools.gnu-tools-for-stm32.11.3.rel1.win32_1.1.100.202309141235/tools/bin/../lib/gcc/arm-none-eabi/11.3.1/../../../../arm-none-eabi/lib/thumb/v7e-m+fp/hard\libm.a
END GROUP
START GROUP
LOAD C:/ST/STM32CubeIDE_1.12.1/STM32CubeIDE/plugins/com.st.stm32cube.ide.mcu.externaltools.gnu-tools-for-stm32.11.3.rel1.win32_1.1.100.202309141235/tools/bin/../lib/gcc/arm-none-eabi/11.3.1/thumb/v7e-m+fp/hard\libgcc.a
LOAD C:/ST/STM32CubeIDE_1.12.1/STM32CubeIDE/plugins/com.st.stm32cube.ide.mcu.externaltools.gnu-tools-for-stm32.11.3.rel1.win32_1.1.100.202309141235/tools/bin/../lib/gcc/arm-none-eabi/11.3.1/../../../../arm-none-eabi/lib/thumb/v7e-m+fp/hard\libc_nano.a
END GROUP
START GROUP
LOAD C:/ST/STM32CubeIDE_1.12.1/STM32CubeIDE/plugins/com.st.stm32cube.ide.mcu.externaltools.gnu-tools-for-stm32.11.3.rel1.win32_1.1.100.202309141235/tools/bin/../lib/gcc/arm-none-eabi/11.3.1/thumb/v7e-m+fp/hard\libgcc.a
LOAD C:/ST/STM32CubeIDE_1.12.1/STM32CubeIDE/plugins/com.st.stm32cube.ide.mcu.externaltools.gnu-tools-for-stm32.11.3.rel1.win32_1.1.100.202309141235/tools/bin/../lib/gcc/arm-none-eabi/11.3.1/../../../../arm-none-eabi/lib/thumb/v7e-m+fp/hard\libc_nano.a
LOAD C:/ST/STM32CubeIDE_1.12.1/STM32CubeIDE/plugins/com.st.stm32cube.ide.mcu.externaltools.gnu-tools-for-stm32.11.3.rel1.win32_1.1.100.202309141235/tools/bin/../lib/gcc/arm-none-eabi/11.3.1/../../../../arm-none-eabi/lib/thumb/v7e-m+fp/hard\libnosys.a
END GROUP
START GROUP
LOAD C:/ST/STM32CubeIDE_1.12.1/STM32CubeIDE/plugins/com.st.stm32cube.ide.mcu.externaltools.gnu-tools-for-stm32.11.3.rel1.win32_1.1.100.202309141235/tools/bin/../lib/gcc/arm-none-eabi/11.3.1/thumb/v7e-m+fp/hard\libgcc.a
LOAD C:/ST/STM32CubeIDE_1.12.1/STM32CubeIDE/plugins/com.st.stm32cube.ide.mcu.externaltools.gnu-tools-for-stm32.11.3.rel1.win32_1.1.100.202309141235/tools/bin/../lib/gcc/arm-none-eabi/11.3.1/../../../../arm-none-eabi/lib/thumb/v7e-m+fp/hard\libc_nano.a
LOAD C:/ST/STM32CubeIDE_1.12.1/STM32CubeIDE/plugins/com.st.stm32cube.ide.mcu.externaltools.gnu-tools-for-stm32.11.3.rel1.win32_1.1.100.202309141235/tools/bin/../lib/gcc/arm-none-eabi/11.3.1/../../../../arm-none-eabi/lib/thumb/v7e-m+fp/hard\libnosys.a
END GROUP
LOAD C:/ST/STM32CubeIDE_1.12.1/STM32CubeIDE/plugins/com.st.stm32cube.ide.mcu.externaltools.gnu-tools-for-stm32.11.3.rel1.win32_1.1.100.202309141235/tools/bin/../lib/gcc/arm-none-eabi/11.3.1/thumb/v7e-m+fp/hard/crtend.o
LOAD C:/ST/STM32CubeIDE_1.12.1/STM32CubeIDE/plugins/com.st.stm32cube.ide.mcu.externaltools.gnu-tools-for-stm32.11.3.rel1.win32_1.1.100.202309141235/tools/bin/../lib/gcc/arm-none-eabi/11.3.1/thumb/v7e-m+fp/hard/crtn.o
                0x0000000020030000                _estack = (ORIGIN (RAM) + LENGTH (RAM))
                0x0000000000000200                _Min_Heap_Size = 0x200
                0x0000000000000400                _Min_Stack_Size = 0x400

.isr_vector     0x0000000008000000      0x1ac
                0x0000000008000000                . = ALIGN (0x4)
 *(.isr_vector)
 .isr_vector    0x0000000008000000      0x1ac ./Core/Startup/startup_stm32f429zitx.o
                0x0000000008000000                g_pfnVectors
                0x00000000080001ac                . = ALIGN (0x4)

.text           0x00000000080001ac     0x46a4
                0x00000000080001ac                . = ALIGN (0x4)
 *(.text)
 .text          0x00000000080001ac       0x40 C:/ST/STM32CubeIDE_1.12.1/STM32CubeIDE/plugins/com.st.stm32cube.ide.mcu.externaltools.gnu-tools-for-stm32.11.3.rel1.win32_1.1.100.202309141235/tools/bin/../lib/gcc/arm-none-eabi/11.3.1/thumb/v7e-m+fp/hard/crtbegin.o
 .text          0x00000000080001ec       0xc0 C:\Users\MFIBADEK\STM32CubeIDE\Embedded-systems-course-tutorials-with-ARM-Cortex-M-MCU-and-STM32CUBEIDE\CH12 DSP - Tutorial 12-5 Demo of CMSIS DSP lib for FFT calculation\Lib\libarm_cortexM4lf_math.a(arm_bitreversal2.o)
                0x00000000080001ec                arm_bitreversal_32
                0x0000000008000256                arm_bitreversal_16
 .text          0x00000000080002ac       0x30 C:/ST/STM32CubeIDE_1.12.1/STM32CubeIDE/plugins/com.st.stm32cube.ide.mcu.externaltools.gnu-tools-for-stm32.11.3.rel1.win32_1.1.100.202309141235/tools/bin/../lib/gcc/arm-none-eabi/11.3.1/thumb/v7e-m+fp/hard\libgcc.a(_aeabi_uldivmod.o)
                0x00000000080002ac                __aeabi_uldivmod
 .text          0x00000000080002dc      0x2c8 C:/ST/STM32CubeIDE_1.12.1/STM32CubeIDE/plugins/com.st.stm32cube.ide.mcu.externaltools.gnu-tools-for-stm32.11.3.rel1.win32_1.1.100.202309141235/tools/bin/../lib/gcc/arm-none-eabi/11.3.1/thumb/v7e-m+fp/hard\libgcc.a(_udivmoddi4.o)
                0x00000000080002dc                __udivmoddi4
 .text          0x00000000080005a4        0x4 C:/ST/STM32CubeIDE_1.12.1/STM32CubeIDE/plugins/com.st.stm32cube.ide.mcu.externaltools.gnu-tools-for-stm32.11.3.rel1.win32_1.1.100.202309141235/tools/bin/../lib/gcc/arm-none-eabi/11.3.1/thumb/v7e-m+fp/hard\libgcc.a(_dvmd_tls.o)
                0x00000000080005a4                __aeabi_idiv0
                0x00000000080005a4                __aeabi_ldiv0
 *(.text*)
 .text.main     0x00000000080005a8       0xd8 ./Core/Src/main.o
                0x00000000080005a8                main
 .text.SystemClock_Config
                0x0000000008000680       0xe0 ./Core/Src/main.o
                0x0000000008000680                SystemClock_Config
 .text.MX_ADC1_Init
                0x0000000008000760       0xa4 ./Core/Src/main.o
 .text.MX_DAC_Init
                0x0000000008000804       0x54 ./Core/Src/main.o
 .text.MX_TIM8_Init
                0x0000000008000858       0xa0 ./Core/Src/main.o
 .text.MX_DMA_Init
                0x00000000080008f8       0x6c ./Core/Src/main.o
 .text.MX_GPIO_Init
                0x0000000008000964       0x88 ./Core/Src/main.o
 .text.HAL_ADC_ConvCpltCallback
                0x00000000080009ec       0x14 ./Core/Src/main.o
                0x00000000080009ec                HAL_ADC_ConvCpltCallback
 .text.Error_Handler
                0x0000000008000a00        0xa ./Core/Src/main.o
                0x0000000008000a00                Error_Handler
 *fill*         0x0000000008000a0a        0x2 
 .text.HAL_MspInit
                0x0000000008000a0c       0x50 ./Core/Src/stm32f4xx_hal_msp.o
                0x0000000008000a0c                HAL_MspInit
 .text.HAL_ADC_MspInit
                0x0000000008000a5c      0x100 ./Core/Src/stm32f4xx_hal_msp.o
                0x0000000008000a5c                HAL_ADC_MspInit
 .text.HAL_DAC_MspInit
                0x0000000008000b5c       0xf0 ./Core/Src/stm32f4xx_hal_msp.o
                0x0000000008000b5c                HAL_DAC_MspInit
 .text.HAL_TIM_Base_MspInit
                0x0000000008000c4c       0x44 ./Core/Src/stm32f4xx_hal_msp.o
                0x0000000008000c4c                HAL_TIM_Base_MspInit
 .text.NMI_Handler
                0x0000000008000c90        0x6 ./Core/Src/stm32f4xx_it.o
                0x0000000008000c90                NMI_Handler
 .text.HardFault_Handler
                0x0000000008000c96        0x6 ./Core/Src/stm32f4xx_it.o
                0x0000000008000c96                HardFault_Handler
 .text.MemManage_Handler
                0x0000000008000c9c        0x6 ./Core/Src/stm32f4xx_it.o
                0x0000000008000c9c                MemManage_Handler
 .text.BusFault_Handler
                0x0000000008000ca2        0x6 ./Core/Src/stm32f4xx_it.o
                0x0000000008000ca2                BusFault_Handler
 .text.UsageFault_Handler
                0x0000000008000ca8        0x6 ./Core/Src/stm32f4xx_it.o
                0x0000000008000ca8                UsageFault_Handler
 .text.SVC_Handler
                0x0000000008000cae        0xe ./Core/Src/stm32f4xx_it.o
                0x0000000008000cae                SVC_Handler
 .text.DebugMon_Handler
                0x0000000008000cbc        0xe ./Core/Src/stm32f4xx_it.o
                0x0000000008000cbc                DebugMon_Handler
 .text.PendSV_Handler
                0x0000000008000cca        0xe ./Core/Src/stm32f4xx_it.o
                0x0000000008000cca                PendSV_Handler
 .text.SysTick_Handler
                0x0000000008000cd8        0xc ./Core/Src/stm32f4xx_it.o
                0x0000000008000cd8                SysTick_Handler
 .text.DMA1_Stream5_IRQHandler
                0x0000000008000ce4       0x14 ./Core/Src/stm32f4xx_it.o
                0x0000000008000ce4                DMA1_Stream5_IRQHandler
 .text.ADC_IRQHandler
                0x0000000008000cf8       0x14 ./Core/Src/stm32f4xx_it.o
                0x0000000008000cf8                ADC_IRQHandler
 .text.DMA2_Stream0_IRQHandler
                0x0000000008000d0c       0x14 ./Core/Src/stm32f4xx_it.o
                0x0000000008000d0c                DMA2_Stream0_IRQHandler
 .text.SystemInit
                0x0000000008000d20       0x24 ./Core/Src/system_stm32f4xx.o
                0x0000000008000d20                SystemInit
 .text.Reset_Handler
                0x0000000008000d44       0x50 ./Core/Startup/startup_stm32f429zitx.o
                0x0000000008000d44                Reset_Handler
 .text.Default_Handler
                0x0000000008000d94        0x2 ./Core/Startup/startup_stm32f429zitx.o
                0x0000000008000d94                RTC_Alarm_IRQHandler
                0x0000000008000d94                HASH_RNG_IRQHandler
                0x0000000008000d94                EXTI2_IRQHandler
                0x0000000008000d94                TIM8_CC_IRQHandler
                0x0000000008000d94                UART8_IRQHandler
                0x0000000008000d94                SPI4_IRQHandler
                0x0000000008000d94                TIM1_CC_IRQHandler
                0x0000000008000d94                DMA2_Stream5_IRQHandler
                0x0000000008000d94                PVD_IRQHandler
                0x0000000008000d94                SDIO_IRQHandler
                0x0000000008000d94                TAMP_STAMP_IRQHandler
                0x0000000008000d94                CAN2_RX1_IRQHandler
                0x0000000008000d94                EXTI3_IRQHandler
                0x0000000008000d94                TIM8_TRG_COM_TIM14_IRQHandler
                0x0000000008000d94                TIM1_UP_TIM10_IRQHandler
                0x0000000008000d94                TIM8_UP_TIM13_IRQHandler
                0x0000000008000d94                I2C3_ER_IRQHandler
                0x0000000008000d94                EXTI0_IRQHandler
                0x0000000008000d94                I2C2_EV_IRQHandler
                0x0000000008000d94                DMA1_Stream2_IRQHandler
                0x0000000008000d94                CAN1_RX0_IRQHandler
                0x0000000008000d94                FPU_IRQHandler
                0x0000000008000d94                OTG_HS_WKUP_IRQHandler
                0x0000000008000d94                LTDC_ER_IRQHandler
                0x0000000008000d94                CAN2_SCE_IRQHandler
                0x0000000008000d94                DMA2_Stream2_IRQHandler
                0x0000000008000d94                SPI1_IRQHandler
                0x0000000008000d94                TIM6_DAC_IRQHandler
                0x0000000008000d94                TIM1_BRK_TIM9_IRQHandler
                0x0000000008000d94                DCMI_IRQHandler
                0x0000000008000d94                CAN2_RX0_IRQHandler
                0x0000000008000d94                DMA2_Stream3_IRQHandler
                0x0000000008000d94                USART6_IRQHandler
                0x0000000008000d94                USART3_IRQHandler
                0x0000000008000d94                CAN1_RX1_IRQHandler
                0x0000000008000d94                UART5_IRQHandler
                0x0000000008000d94                TIM4_IRQHandler
                0x0000000008000d94                I2C1_EV_IRQHandler
                0x0000000008000d94                DMA1_Stream6_IRQHandler
                0x0000000008000d94                DMA1_Stream1_IRQHandler
                0x0000000008000d94                UART4_IRQHandler
                0x0000000008000d94                TIM3_IRQHandler
                0x0000000008000d94                RCC_IRQHandler
                0x0000000008000d94                TIM8_BRK_TIM12_IRQHandler
                0x0000000008000d94                Default_Handler
                0x0000000008000d94                EXTI15_10_IRQHandler
                0x0000000008000d94                DMA1_Stream7_IRQHandler
                0x0000000008000d94                SPI5_IRQHandler
                0x0000000008000d94                TIM7_IRQHandler
                0x0000000008000d94                CAN2_TX_IRQHandler
                0x0000000008000d94                TIM5_IRQHandler
                0x0000000008000d94                DMA2_Stream7_IRQHandler
                0x0000000008000d94                I2C3_EV_IRQHandler
                0x0000000008000d94                EXTI9_5_IRQHandler
                0x0000000008000d94                RTC_WKUP_IRQHandler
                0x0000000008000d94                LTDC_IRQHandler
                0x0000000008000d94                ETH_WKUP_IRQHandler
                0x0000000008000d94                SPI2_IRQHandler
                0x0000000008000d94                OTG_HS_EP1_IN_IRQHandler
                0x0000000008000d94                DMA1_Stream0_IRQHandler
                0x0000000008000d94                CAN1_TX_IRQHandler
                0x0000000008000d94                EXTI4_IRQHandler
                0x0000000008000d94                ETH_IRQHandler
                0x0000000008000d94                OTG_HS_EP1_OUT_IRQHandler
                0x0000000008000d94                WWDG_IRQHandler
                0x0000000008000d94                SPI6_IRQHandler
                0x0000000008000d94                TIM2_IRQHandler
                0x0000000008000d94                OTG_FS_WKUP_IRQHandler
                0x0000000008000d94                TIM1_TRG_COM_TIM11_IRQHandler
                0x0000000008000d94                OTG_HS_IRQHandler
                0x0000000008000d94                DMA2D_IRQHandler
                0x0000000008000d94                EXTI1_IRQHandler
                0x0000000008000d94                UART7_IRQHandler
                0x0000000008000d94                USART2_IRQHandler
                0x0000000008000d94                I2C2_ER_IRQHandler
                0x0000000008000d94                DMA2_Stream1_IRQHandler
                0x0000000008000d94                CAN1_SCE_IRQHandler
                0x0000000008000d94                FLASH_IRQHandler
                0x0000000008000d94                DMA2_Stream4_IRQHandler
                0x0000000008000d94                USART1_IRQHandler
                0x0000000008000d94                OTG_FS_IRQHandler
                0x0000000008000d94                SPI3_IRQHandler
                0x0000000008000d94                DMA1_Stream4_IRQHandler
                0x0000000008000d94                I2C1_ER_IRQHandler
                0x0000000008000d94                FMC_IRQHandler
                0x0000000008000d94                DMA2_Stream6_IRQHandler
                0x0000000008000d94                SAI1_IRQHandler
                0x0000000008000d94                DMA1_Stream3_IRQHandler
 *fill*         0x0000000008000d96        0x2 
 .text.HAL_Init
                0x0000000008000d98       0x44 ./Drivers/STM32F4xx_HAL_Driver/Src/stm32f4xx_hal.o
                0x0000000008000d98                HAL_Init
 .text.HAL_InitTick
                0x0000000008000ddc       0x60 ./Drivers/STM32F4xx_HAL_Driver/Src/stm32f4xx_hal.o
                0x0000000008000ddc                HAL_InitTick
 .text.HAL_IncTick
                0x0000000008000e3c       0x28 ./Drivers/STM32F4xx_HAL_Driver/Src/stm32f4xx_hal.o
                0x0000000008000e3c                HAL_IncTick
 .text.HAL_GetTick
                0x0000000008000e64       0x18 ./Drivers/STM32F4xx_HAL_Driver/Src/stm32f4xx_hal.o
                0x0000000008000e64                HAL_GetTick
 .text.HAL_ADC_Init
                0x0000000008000e7c       0x86 ./Drivers/STM32F4xx_HAL_Driver/Src/stm32f4xx_hal_adc.o
                0x0000000008000e7c                HAL_ADC_Init
 .text.HAL_ADC_IRQHandler
                0x0000000008000f02      0x220 ./Drivers/STM32F4xx_HAL_Driver/Src/stm32f4xx_hal_adc.o
                0x0000000008000f02                HAL_ADC_IRQHandler
 *fill*         0x0000000008001122        0x2 
 .text.HAL_ADC_Start_DMA
                0x0000000008001124      0x220 ./Drivers/STM32F4xx_HAL_Driver/Src/stm32f4xx_hal_adc.o
                0x0000000008001124                HAL_ADC_Start_DMA
 .text.HAL_ADC_ConvHalfCpltCallback
                0x0000000008001344       0x14 ./Drivers/STM32F4xx_HAL_Driver/Src/stm32f4xx_hal_adc.o
                0x0000000008001344                HAL_ADC_ConvHalfCpltCallback
 .text.HAL_ADC_LevelOutOfWindowCallback
                0x0000000008001358       0x14 ./Drivers/STM32F4xx_HAL_Driver/Src/stm32f4xx_hal_adc.o
                0x0000000008001358                HAL_ADC_LevelOutOfWindowCallback
 .text.HAL_ADC_ErrorCallback
                0x000000000800136c       0x14 ./Drivers/STM32F4xx_HAL_Driver/Src/stm32f4xx_hal_adc.o
                0x000000000800136c                HAL_ADC_ErrorCallback
 .text.HAL_ADC_ConfigChannel
                0x0000000008001380      0x264 ./Drivers/STM32F4xx_HAL_Driver/Src/stm32f4xx_hal_adc.o
                0x0000000008001380                HAL_ADC_ConfigChannel
 .text.ADC_Init
                0x00000000080015e4      0x1f8 ./Drivers/STM32F4xx_HAL_Driver/Src/stm32f4xx_hal_adc.o
 .text.ADC_DMAConvCplt
                0x00000000080017dc       0xba ./Drivers/STM32F4xx_HAL_Driver/Src/stm32f4xx_hal_adc.o
 .text.ADC_DMAHalfConvCplt
                0x0000000008001896       0x1c ./Drivers/STM32F4xx_HAL_Driver/Src/stm32f4xx_hal_adc.o
 .text.ADC_DMAError
                0x00000000080018b2       0x2e ./Drivers/STM32F4xx_HAL_Driver/Src/stm32f4xx_hal_adc.o
 .text.HAL_ADCEx_InjectedConvCpltCallback
                0x00000000080018e0       0x14 ./Drivers/STM32F4xx_HAL_Driver/Src/stm32f4xx_hal_adc_ex.o
                0x00000000080018e0                HAL_ADCEx_InjectedConvCpltCallback
 .text.__NVIC_SetPriorityGrouping
                0x00000000080018f4       0x48 ./Drivers/STM32F4xx_HAL_Driver/Src/stm32f4xx_hal_cortex.o
 .text.__NVIC_GetPriorityGrouping
                0x000000000800193c       0x1c ./Drivers/STM32F4xx_HAL_Driver/Src/stm32f4xx_hal_cortex.o
 .text.__NVIC_EnableIRQ
                0x0000000008001958       0x3c ./Drivers/STM32F4xx_HAL_Driver/Src/stm32f4xx_hal_cortex.o
 .text.__NVIC_SetPriority
                0x0000000008001994       0x54 ./Drivers/STM32F4xx_HAL_Driver/Src/stm32f4xx_hal_cortex.o
 .text.NVIC_EncodePriority
                0x00000000080019e8       0x66 ./Drivers/STM32F4xx_HAL_Driver/Src/stm32f4xx_hal_cortex.o
 *fill*         0x0000000008001a4e        0x2 
 .text.SysTick_Config
                0x0000000008001a50       0x44 ./Drivers/STM32F4xx_HAL_Driver/Src/stm32f4xx_hal_cortex.o
 .text.HAL_NVIC_SetPriorityGrouping
                0x0000000008001a94       0x16 ./Drivers/STM32F4xx_HAL_Driver/Src/stm32f4xx_hal_cortex.o
                0x0000000008001a94                HAL_NVIC_SetPriorityGrouping
 .text.HAL_NVIC_SetPriority
                0x0000000008001aaa       0x38 ./Drivers/STM32F4xx_HAL_Driver/Src/stm32f4xx_hal_cortex.o
                0x0000000008001aaa                HAL_NVIC_SetPriority
 .text.HAL_NVIC_EnableIRQ
                0x0000000008001ae2       0x1c ./Drivers/STM32F4xx_HAL_Driver/Src/stm32f4xx_hal_cortex.o
                0x0000000008001ae2                HAL_NVIC_EnableIRQ
 .text.HAL_SYSTICK_Config
                0x0000000008001afe       0x18 ./Drivers/STM32F4xx_HAL_Driver/Src/stm32f4xx_hal_cortex.o
                0x0000000008001afe                HAL_SYSTICK_Config
 .text.HAL_DAC_Init
                0x0000000008001b16       0x44 ./Drivers/STM32F4xx_HAL_Driver/Src/stm32f4xx_hal_dac.o
                0x0000000008001b16                HAL_DAC_Init
 .text.HAL_DAC_ConfigChannel
                0x0000000008001b5a       0xb2 ./Drivers/STM32F4xx_HAL_Driver/Src/stm32f4xx_hal_dac.o
                0x0000000008001b5a                HAL_DAC_ConfigChannel
 .text.HAL_DMA_Init
                0x0000000008001c0c      0x15c ./Drivers/STM32F4xx_HAL_Driver/Src/stm32f4xx_hal_dma.o
                0x0000000008001c0c                HAL_DMA_Init
 .text.HAL_DMA_Start_IT
                0x0000000008001d68       0xb0 ./Drivers/STM32F4xx_HAL_Driver/Src/stm32f4xx_hal_dma.o
                0x0000000008001d68                HAL_DMA_Start_IT
 .text.HAL_DMA_IRQHandler
                0x0000000008001e18      0x314 ./Drivers/STM32F4xx_HAL_Driver/Src/stm32f4xx_hal_dma.o
                0x0000000008001e18                HAL_DMA_IRQHandler
 .text.DMA_SetConfig
                0x000000000800212c       0x5c ./Drivers/STM32F4xx_HAL_Driver/Src/stm32f4xx_hal_dma.o
 .text.DMA_CalcBaseAndBitshift
                0x0000000008002188       0x6c ./Drivers/STM32F4xx_HAL_Driver/Src/stm32f4xx_hal_dma.o
 .text.DMA_CheckFifoParam
                0x00000000080021f4       0xf8 ./Drivers/STM32F4xx_HAL_Driver/Src/stm32f4xx_hal_dma.o
 .text.HAL_GPIO_Init
                0x00000000080022ec      0x358 ./Drivers/STM32F4xx_HAL_Driver/Src/stm32f4xx_hal_gpio.o
                0x00000000080022ec                HAL_GPIO_Init
 .text.HAL_GPIO_WritePin
                0x0000000008002644       0x32 ./Drivers/STM32F4xx_HAL_Driver/Src/stm32f4xx_hal_gpio.o
                0x0000000008002644                HAL_GPIO_WritePin
 *fill*         0x0000000008002676        0x2 
 .text.HAL_PWREx_EnableOverDrive
                0x0000000008002678       0xa0 ./Drivers/STM32F4xx_HAL_Driver/Src/stm32f4xx_hal_pwr_ex.o
                0x0000000008002678                HAL_PWREx_EnableOverDrive
 .text.HAL_RCC_OscConfig
                0x0000000008002718      0x4f0 ./Drivers/STM32F4xx_HAL_Driver/Src/stm32f4xx_hal_rcc.o
                0x0000000008002718                HAL_RCC_OscConfig
 .text.HAL_RCC_ClockConfig
                0x0000000008002c08      0x1cc ./Drivers/STM32F4xx_HAL_Driver/Src/stm32f4xx_hal_rcc.o
                0x0000000008002c08                HAL_RCC_ClockConfig
 .text.HAL_RCC_GetSysClockFreq
                0x0000000008002dd4      0x20c ./Drivers/STM32F4xx_HAL_Driver/Src/stm32f4xx_hal_rcc.o
                0x0000000008002dd4                HAL_RCC_GetSysClockFreq
 .text.HAL_TIM_Base_Init
                0x0000000008002fe0       0x9e ./Drivers/STM32F4xx_HAL_Driver/Src/stm32f4xx_hal_tim.o
                0x0000000008002fe0                HAL_TIM_Base_Init
 .text.HAL_TIM_ConfigClockSource
                0x000000000800307e      0x18e ./Drivers/STM32F4xx_HAL_Driver/Src/stm32f4xx_hal_tim.o
                0x000000000800307e                HAL_TIM_ConfigClockSource
 .text.TIM_Base_SetConfig
                0x000000000800320c      0x158 ./Drivers/STM32F4xx_HAL_Driver/Src/stm32f4xx_hal_tim.o
                0x000000000800320c                TIM_Base_SetConfig
 .text.TIM_TI1_ConfigInputStage
                0x0000000008003364       0x5e ./Drivers/STM32F4xx_HAL_Driver/Src/stm32f4xx_hal_tim.o
 .text.TIM_TI2_ConfigInputStage
                0x00000000080033c2       0x60 ./Drivers/STM32F4xx_HAL_Driver/Src/stm32f4xx_hal_tim.o
 .text.TIM_ITRx_SetConfig
                0x0000000008003422       0x36 ./Drivers/STM32F4xx_HAL_Driver/Src/stm32f4xx_hal_tim.o
 .text.TIM_ETR_SetConfig
                0x0000000008003458       0x40 ./Drivers/STM32F4xx_HAL_Driver/Src/stm32f4xx_hal_tim.o
                0x0000000008003458                TIM_ETR_SetConfig
 .text.HAL_TIMEx_MasterConfigSynchronization
                0x0000000008003498       0xf8 ./Drivers/STM32F4xx_HAL_Driver/Src/stm32f4xx_hal_tim_ex.o
                0x0000000008003498                HAL_TIMEx_MasterConfigSynchronization
 .text.arm_rfft_fast_init_f32
                0x0000000008003590      0x108 C:\Users\MFIBADEK\STM32CubeIDE\Embedded-systems-course-tutorials-with-ARM-Cortex-M-MCU-and-STM32CUBEIDE\CH12 DSP - Tutorial 12-5 Demo of CMSIS DSP lib for FFT calculation\Lib\libarm_cortexM4lf_math.a(arm_rfft_fast_init_f32.o)
                0x0000000008003590                arm_rfft_fast_init_f32
 .text.arm_rfft_fast_f32
                0x0000000008003698      0x188 C:\Users\MFIBADEK\STM32CubeIDE\Embedded-systems-course-tutorials-with-ARM-Cortex-M-MCU-and-STM32CUBEIDE\CH12 DSP - Tutorial 12-5 Demo of CMSIS DSP lib for FFT calculation\Lib\libarm_cortexM4lf_math.a(arm_rfft_fast_f32.o)
                0x0000000008003698                arm_rfft_fast_f32
 .text.arm_cfft_radix8by2_f32
                0x0000000008003820      0x1a4 C:\Users\MFIBADEK\STM32CubeIDE\Embedded-systems-course-tutorials-with-ARM-Cortex-M-MCU-and-STM32CUBEIDE\CH12 DSP - Tutorial 12-5 Demo of CMSIS DSP lib for FFT calculation\Lib\libarm_cortexM4lf_math.a(arm_cfft_f32.o)
                0x0000000008003820                arm_cfft_radix8by2_f32
 .text.arm_cfft_radix8by4_f32
                0x00000000080039c4      0x4bc C:\Users\MFIBADEK\STM32CubeIDE\Embedded-systems-course-tutorials-with-ARM-Cortex-M-MCU-and-STM32CUBEIDE\CH12 DSP - Tutorial 12-5 Demo of CMSIS DSP lib for FFT calculation\Lib\libarm_cortexM4lf_math.a(arm_cfft_f32.o)
                0x00000000080039c4                arm_cfft_radix8by4_f32
 .text.arm_cfft_f32
                0x0000000008003e80       0xf4 C:\Users\MFIBADEK\STM32CubeIDE\Embedded-systems-course-tutorials-with-ARM-Cortex-M-MCU-and-STM32CUBEIDE\CH12 DSP - Tutorial 12-5 Demo of CMSIS DSP lib for FFT calculation\Lib\libarm_cortexM4lf_math.a(arm_cfft_f32.o)
                0x0000000008003e80                arm_cfft_f32
 .text.arm_cmplx_mag_f32
                0x0000000008003f74      0x1d0 C:\Users\MFIBADEK\STM32CubeIDE\Embedded-systems-course-tutorials-with-ARM-Cortex-M-MCU-and-STM32CUBEIDE\CH12 DSP - Tutorial 12-5 Demo of CMSIS DSP lib for FFT calculation\Lib\libarm_cortexM4lf_math.a(arm_cmplx_mag_f32.o)
                0x0000000008003f74                arm_cmplx_mag_f32
 .text.arm_sin_f32
                0x0000000008004144       0x88 C:\Users\MFIBADEK\STM32CubeIDE\Embedded-systems-course-tutorials-with-ARM-Cortex-M-MCU-and-STM32CUBEIDE\CH12 DSP - Tutorial 12-5 Demo of CMSIS DSP lib for FFT calculation\Lib\libarm_cortexM4lf_math.a(arm_sin_f32.o)
                0x0000000008004144                arm_sin_f32
 .text.arm_radix8_butterfly_f32
                0x00000000080041cc      0x5c4 C:\Users\MFIBADEK\STM32CubeIDE\Embedded-systems-course-tutorials-with-ARM-Cortex-M-MCU-and-STM32CUBEIDE\CH12 DSP - Tutorial 12-5 Demo of CMSIS DSP lib for FFT calculation\Lib\libarm_cortexM4lf_math.a(arm_cfft_radix8_f32.o)
                0x00000000080041cc                arm_radix8_butterfly_f32
 .text.memset   0x0000000008004790       0x10 C:/ST/STM32CubeIDE_1.12.1/STM32CubeIDE/plugins/com.st.stm32cube.ide.mcu.externaltools.gnu-tools-for-stm32.11.3.rel1.win32_1.1.100.202309141235/tools/bin/../lib/gcc/arm-none-eabi/11.3.1/../../../../arm-none-eabi/lib/thumb/v7e-m+fp/hard\libc_nano.a(libc_a-memset.o)
                0x0000000008004790                memset
 .text.__errno  0x00000000080047a0        0xc C:/ST/STM32CubeIDE_1.12.1/STM32CubeIDE/plugins/com.st.stm32cube.ide.mcu.externaltools.gnu-tools-for-stm32.11.3.rel1.win32_1.1.100.202309141235/tools/bin/../lib/gcc/arm-none-eabi/11.3.1/../../../../arm-none-eabi/lib/thumb/v7e-m+fp/hard\libc_nano.a(libc_a-errno.o)
                0x00000000080047a0                __errno
 .text.__libc_init_array
                0x00000000080047ac       0x48 C:/ST/STM32CubeIDE_1.12.1/STM32CubeIDE/plugins/com.st.stm32cube.ide.mcu.externaltools.gnu-tools-for-stm32.11.3.rel1.win32_1.1.100.202309141235/tools/bin/../lib/gcc/arm-none-eabi/11.3.1/../../../../arm-none-eabi/lib/thumb/v7e-m+fp/hard\libc_nano.a(libc_a-init.o)
                0x00000000080047ac                __libc_init_array
 .text.sqrtf    0x00000000080047f4       0x3c C:/ST/STM32CubeIDE_1.12.1/STM32CubeIDE/plugins/com.st.stm32cube.ide.mcu.externaltools.gnu-tools-for-stm32.11.3.rel1.win32_1.1.100.202309141235/tools/bin/../lib/gcc/arm-none-eabi/11.3.1/../../../../arm-none-eabi/lib/thumb/v7e-m+fp/hard\libm.a(libm_a-wf_sqrt.o)
                0x00000000080047f4                sqrtf
 .text.__ieee754_sqrtf
                0x0000000008004830        0x6 C:/ST/STM32CubeIDE_1.12.1/STM32CubeIDE/plugins/com.st.stm32cube.ide.mcu.externaltools.gnu-tools-for-stm32.11.3.rel1.win32_1.1.100.202309141235/tools/bin/../lib/gcc/arm-none-eabi/11.3.1/../../../../arm-none-eabi/lib/thumb/v7e-m+fp/hard\libm.a(libm_a-ef_sqrt.o)
                0x0000000008004830                __ieee754_sqrtf
 *(.glue_7)
 .glue_7        0x0000000008004836        0x0 linker stubs
 *(.glue_7t)
 .glue_7t       0x0000000008004836        0x0 linker stubs
 *(.eh_frame)
 *fill*         0x0000000008004836        0x2 
 .eh_frame      0x0000000008004838        0x0 C:/ST/STM32CubeIDE_1.12.1/STM32CubeIDE/plugins/com.st.stm32cube.ide.mcu.externaltools.gnu-tools-for-stm32.11.3.rel1.win32_1.1.100.202309141235/tools/bin/../lib/gcc/arm-none-eabi/11.3.1/thumb/v7e-m+fp/hard/crtbegin.o
 *(.init)
 .init          0x0000000008004838        0x4 C:/ST/STM32CubeIDE_1.12.1/STM32CubeIDE/plugins/com.st.stm32cube.ide.mcu.externaltools.gnu-tools-for-stm32.11.3.rel1.win32_1.1.100.202309141235/tools/bin/../lib/gcc/arm-none-eabi/11.3.1/thumb/v7e-m+fp/hard/crti.o
                0x0000000008004838                _init
 .init          0x000000000800483c        0x8 C:/ST/STM32CubeIDE_1.12.1/STM32CubeIDE/plugins/com.st.stm32cube.ide.mcu.externaltools.gnu-tools-for-stm32.11.3.rel1.win32_1.1.100.202309141235/tools/bin/../lib/gcc/arm-none-eabi/11.3.1/thumb/v7e-m+fp/hard/crtn.o
 *(.fini)
 .fini          0x0000000008004844        0x4 C:/ST/STM32CubeIDE_1.12.1/STM32CubeIDE/plugins/com.st.stm32cube.ide.mcu.externaltools.gnu-tools-for-stm32.11.3.rel1.win32_1.1.100.202309141235/tools/bin/../lib/gcc/arm-none-eabi/11.3.1/thumb/v7e-m+fp/hard/crti.o
                0x0000000008004844                _fini
 .fini          0x0000000008004848        0x8 C:/ST/STM32CubeIDE_1.12.1/STM32CubeIDE/plugins/com.st.stm32cube.ide.mcu.externaltools.gnu-tools-for-stm32.11.3.rel1.win32_1.1.100.202309141235/tools/bin/../lib/gcc/arm-none-eabi/11.3.1/thumb/v7e-m+fp/hard/crtn.o
                0x0000000008004850                . = ALIGN (0x4)
                0x0000000008004850                _etext = .

.vfp11_veneer   0x0000000008004850        0x0
 .vfp11_veneer  0x0000000008004850        0x0 linker stubs

.v4_bx          0x0000000008004850        0x0
 .v4_bx         0x0000000008004850        0x0 linker stubs

.iplt           0x0000000008004850        0x0
 .iplt          0x0000000008004850        0x0 C:/ST/STM32CubeIDE_1.12.1/STM32CubeIDE/plugins/com.st.stm32cube.ide.mcu.externaltools.gnu-tools-for-stm32.11.3.rel1.win32_1.1.100.202309141235/tools/bin/../lib/gcc/arm-none-eabi/11.3.1/thumb/v7e-m+fp/hard/crtbegin.o

.rodata         0x0000000008004850    0x13c74
                0x0000000008004850                . = ALIGN (0x4)
 *(.rodata)
 *(.rodata*)
 .rodata.AHBPrescTable
                0x0000000008004850       0x10 ./Core/Src/system_stm32f4xx.o
                0x0000000008004850                AHBPrescTable
 .rodata.flagBitshiftOffset.0
                0x0000000008004860        0x8 ./Drivers/STM32F4xx_HAL_Driver/Src/stm32f4xx_hal_dma.o
 .rodata.twiddleCoef_2048
                0x0000000008004868     0x4000 C:\Users\MFIBADEK\STM32CubeIDE\Embedded-systems-course-tutorials-with-ARM-Cortex-M-MCU-and-STM32CUBEIDE\CH12 DSP - Tutorial 12-5 Demo of CMSIS DSP lib for FFT calculation\Lib\libarm_cortexM4lf_math.a(arm_common_tables.o)
                0x0000000008004868                twiddleCoef_2048
 .rodata.twiddleCoef_rfft_64
                0x0000000008008868      0x100 C:\Users\MFIBADEK\STM32CubeIDE\Embedded-systems-course-tutorials-with-ARM-Cortex-M-MCU-and-STM32CUBEIDE\CH12 DSP - Tutorial 12-5 Demo of CMSIS DSP lib for FFT calculation\Lib\libarm_cortexM4lf_math.a(arm_common_tables.o)
                0x0000000008008868                twiddleCoef_rfft_64
 .rodata.armBitRevIndexTable64
                0x0000000008008968       0x70 C:\Users\MFIBADEK\STM32CubeIDE\Embedded-systems-course-tutorials-with-ARM-Cortex-M-MCU-and-STM32CUBEIDE\CH12 DSP - Tutorial 12-5 Demo of CMSIS DSP lib for FFT calculation\Lib\libarm_cortexM4lf_math.a(arm_common_tables.o)
                0x0000000008008968                armBitRevIndexTable64
 .rodata.twiddleCoef_rfft_2048
                0x00000000080089d8     0x2000 C:\Users\MFIBADEK\STM32CubeIDE\Embedded-systems-course-tutorials-with-ARM-Cortex-M-MCU-and-STM32CUBEIDE\CH12 DSP - Tutorial 12-5 Demo of CMSIS DSP lib for FFT calculation\Lib\libarm_cortexM4lf_math.a(arm_common_tables.o)
                0x00000000080089d8                twiddleCoef_rfft_2048
 .rodata.twiddleCoef_rfft_4096
                0x000000000800a9d8     0x4000 C:\Users\MFIBADEK\STM32CubeIDE\Embedded-systems-course-tutorials-with-ARM-Cortex-M-MCU-and-STM32CUBEIDE\CH12 DSP - Tutorial 12-5 Demo of CMSIS DSP lib for FFT calculation\Lib\libarm_cortexM4lf_math.a(arm_common_tables.o)
                0x000000000800a9d8                twiddleCoef_rfft_4096
 .rodata.twiddleCoef_256
                0x000000000800e9d8      0x800 C:\Users\MFIBADEK\STM32CubeIDE\Embedded-systems-course-tutorials-with-ARM-Cortex-M-MCU-and-STM32CUBEIDE\CH12 DSP - Tutorial 12-5 Demo of CMSIS DSP lib for FFT calculation\Lib\libarm_cortexM4lf_math.a(arm_common_tables.o)
                0x000000000800e9d8                twiddleCoef_256
 .rodata.twiddleCoef_16
                0x000000000800f1d8       0x80 C:\Users\MFIBADEK\STM32CubeIDE\Embedded-systems-course-tutorials-with-ARM-Cortex-M-MCU-and-STM32CUBEIDE\CH12 DSP - Tutorial 12-5 Demo of CMSIS DSP lib for FFT calculation\Lib\libarm_cortexM4lf_math.a(arm_common_tables.o)
                0x000000000800f1d8                twiddleCoef_16
 .rodata.twiddleCoef_1024
                0x000000000800f258     0x2000 C:\Users\MFIBADEK\STM32CubeIDE\Embedded-systems-course-tutorials-with-ARM-Cortex-M-MCU-and-STM32CUBEIDE\CH12 DSP - Tutorial 12-5 Demo of CMSIS DSP lib for FFT calculation\Lib\libarm_cortexM4lf_math.a(arm_common_tables.o)
                0x000000000800f258                twiddleCoef_1024
 .rodata.twiddleCoef_32
                0x0000000008011258      0x100 C:\Users\MFIBADEK\STM32CubeIDE\Embedded-systems-course-tutorials-with-ARM-Cortex-M-MCU-and-STM32CUBEIDE\CH12 DSP - Tutorial 12-5 Demo of CMSIS DSP lib for FFT calculation\Lib\libarm_cortexM4lf_math.a(arm_common_tables.o)
                0x0000000008011258                twiddleCoef_32
 .rodata.armBitRevIndexTable1024
                0x0000000008011358      0xe10 C:\Users\MFIBADEK\STM32CubeIDE\Embedded-systems-course-tutorials-with-ARM-Cortex-M-MCU-and-STM32CUBEIDE\CH12 DSP - Tutorial 12-5 Demo of CMSIS DSP lib for FFT calculation\Lib\libarm_cortexM4lf_math.a(arm_common_tables.o)
                0x0000000008011358                armBitRevIndexTable1024
 .rodata.armBitRevIndexTable16
                0x0000000008012168       0x28 C:\Users\MFIBADEK\STM32CubeIDE\Embedded-systems-course-tutorials-with-ARM-Cortex-M-MCU-and-STM32CUBEIDE\CH12 DSP - Tutorial 12-5 Demo of CMSIS DSP lib for FFT calculation\Lib\libarm_cortexM4lf_math.a(arm_common_tables.o)
                0x0000000008012168                armBitRevIndexTable16
 .rodata.twiddleCoef_rfft_32
                0x0000000008012190       0x80 C:\Users\MFIBADEK\STM32CubeIDE\Embedded-systems-course-tutorials-with-ARM-Cortex-M-MCU-and-STM32CUBEIDE\CH12 DSP - Tutorial 12-5 Demo of CMSIS DSP lib for FFT calculation\Lib\libarm_cortexM4lf_math.a(arm_common_tables.o)
                0x0000000008012190                twiddleCoef_rfft_32
 .rodata.armBitRevIndexTable32
                0x0000000008012210       0x60 C:\Users\MFIBADEK\STM32CubeIDE\Embedded-systems-course-tutorials-with-ARM-Cortex-M-MCU-and-STM32CUBEIDE\CH12 DSP - Tutorial 12-5 Demo of CMSIS DSP lib for FFT calculation\Lib\libarm_cortexM4lf_math.a(arm_common_tables.o)
                0x0000000008012210                armBitRevIndexTable32
 .rodata.sinTable_f32
                0x0000000008012270      0x804 C:\Users\MFIBADEK\STM32CubeIDE\Embedded-systems-course-tutorials-with-ARM-Cortex-M-MCU-and-STM32CUBEIDE\CH12 DSP - Tutorial 12-5 Demo of CMSIS DSP lib for FFT calculation\Lib\libarm_cortexM4lf_math.a(arm_common_tables.o)
                0x0000000008012270                sinTable_f32
 .rodata.twiddleCoef_128
                0x0000000008012a74      0x400 C:\Users\MFIBADEK\STM32CubeIDE\Embedded-systems-course-tutorials-with-ARM-Cortex-M-MCU-and-STM32CUBEIDE\CH12 DSP - Tutorial 12-5 Demo of CMSIS DSP lib for FFT calculation\Lib\libarm_cortexM4lf_math.a(arm_common_tables.o)
                0x0000000008012a74                twiddleCoef_128
 .rodata.twiddleCoef_512
                0x0000000008012e74     0x1000 C:\Users\MFIBADEK\STM32CubeIDE\Embedded-systems-course-tutorials-with-ARM-Cortex-M-MCU-and-STM32CUBEIDE\CH12 DSP - Tutorial 12-5 Demo of CMSIS DSP lib for FFT calculation\Lib\libarm_cortexM4lf_math.a(arm_common_tables.o)
                0x0000000008012e74                twiddleCoef_512
 .rodata.armBitRevIndexTable2048
                0x0000000008013e74     0x1dc0 C:\Users\MFIBADEK\STM32CubeIDE\Embedded-systems-course-tutorials-with-ARM-Cortex-M-MCU-and-STM32CUBEIDE\CH12 DSP - Tutorial 12-5 Demo of CMSIS DSP lib for FFT calculation\Lib\libarm_cortexM4lf_math.a(arm_common_tables.o)
                0x0000000008013e74                armBitRevIndexTable2048
 .rodata.twiddleCoef_64
                0x0000000008015c34      0x200 C:\Users\MFIBADEK\STM32CubeIDE\Embedded-systems-course-tutorials-with-ARM-Cortex-M-MCU-and-STM32CUBEIDE\CH12 DSP - Tutorial 12-5 Demo of CMSIS DSP lib for FFT calculation\Lib\libarm_cortexM4lf_math.a(arm_common_tables.o)
                0x0000000008015c34                twiddleCoef_64
 .rodata.twiddleCoef_rfft_512
                0x0000000008015e34      0x800 C:\Users\MFIBADEK\STM32CubeIDE\Embedded-systems-course-tutorials-with-ARM-Cortex-M-MCU-and-STM32CUBEIDE\CH12 DSP - Tutorial 12-5 Demo of CMSIS DSP lib for FFT calculation\Lib\libarm_cortexM4lf_math.a(arm_common_tables.o)
                0x0000000008015e34                twiddleCoef_rfft_512
 .rodata.armBitRevIndexTable512
                0x0000000008016634      0x380 C:\Users\MFIBADEK\STM32CubeIDE\Embedded-systems-course-tutorials-with-ARM-Cortex-M-MCU-and-STM32CUBEIDE\CH12 DSP - Tutorial 12-5 Demo of CMSIS DSP lib for FFT calculation\Lib\libarm_cortexM4lf_math.a(arm_common_tables.o)
                0x0000000008016634                armBitRevIndexTable512
 .rodata.twiddleCoef_rfft_1024
                0x00000000080169b4     0x1000 C:\Users\MFIBADEK\STM32CubeIDE\Embedded-systems-course-tutorials-with-ARM-Cortex-M-MCU-and-STM32CUBEIDE\CH12 DSP - Tutorial 12-5 Demo of CMSIS DSP lib for FFT calculation\Lib\libarm_cortexM4lf_math.a(arm_common_tables.o)
                0x00000000080169b4                twiddleCoef_rfft_1024
 .rodata.twiddleCoef_rfft_256
                0x00000000080179b4      0x400 C:\Users\MFIBADEK\STM32CubeIDE\Embedded-systems-course-tutorials-with-ARM-Cortex-M-MCU-and-STM32CUBEIDE\CH12 DSP - Tutorial 12-5 Demo of CMSIS DSP lib for FFT calculation\Lib\libarm_cortexM4lf_math.a(arm_common_tables.o)
                0x00000000080179b4                twiddleCoef_rfft_256
 .rodata.armBitRevIndexTable256
                0x0000000008017db4      0x370 C:\Users\MFIBADEK\STM32CubeIDE\Embedded-systems-course-tutorials-with-ARM-Cortex-M-MCU-and-STM32CUBEIDE\CH12 DSP - Tutorial 12-5 Demo of CMSIS DSP lib for FFT calculation\Lib\libarm_cortexM4lf_math.a(arm_common_tables.o)
                0x0000000008017db4                armBitRevIndexTable256
 .rodata.twiddleCoef_rfft_128
                0x0000000008018124      0x200 C:\Users\MFIBADEK\STM32CubeIDE\Embedded-systems-course-tutorials-with-ARM-Cortex-M-MCU-and-STM32CUBEIDE\CH12 DSP - Tutorial 12-5 Demo of CMSIS DSP lib for FFT calculation\Lib\libarm_cortexM4lf_math.a(arm_common_tables.o)
                0x0000000008018124                twiddleCoef_rfft_128
 .rodata.armBitRevIndexTable128
                0x0000000008018324      0x1a0 C:\Users\MFIBADEK\STM32CubeIDE\Embedded-systems-course-tutorials-with-ARM-Cortex-M-MCU-and-STM32CUBEIDE\CH12 DSP - Tutorial 12-5 Demo of CMSIS DSP lib for FFT calculation\Lib\libarm_cortexM4lf_math.a(arm_common_tables.o)
                0x0000000008018324                armBitRevIndexTable128
                0x00000000080184c4                . = ALIGN (0x4)

.ARM.extab      0x00000000080184c4        0x0
                0x00000000080184c4                . = ALIGN (0x4)
 *(.ARM.extab* .gnu.linkonce.armextab.*)
                0x00000000080184c4                . = ALIGN (0x4)

.ARM            0x00000000080184c4        0x8
                0x00000000080184c4                . = ALIGN (0x4)
                0x00000000080184c4                __exidx_start = .
 *(.ARM.exidx*)
 .ARM.exidx     0x00000000080184c4        0x8 C:/ST/STM32CubeIDE_1.12.1/STM32CubeIDE/plugins/com.st.stm32cube.ide.mcu.externaltools.gnu-tools-for-stm32.11.3.rel1.win32_1.1.100.202309141235/tools/bin/../lib/gcc/arm-none-eabi/11.3.1/thumb/v7e-m+fp/hard\libgcc.a(_udivmoddi4.o)
                0x00000000080184cc                __exidx_end = .
                0x00000000080184cc                . = ALIGN (0x4)

.rel.dyn        0x00000000080184cc        0x0
 .rel.iplt      0x00000000080184cc        0x0 C:/ST/STM32CubeIDE_1.12.1/STM32CubeIDE/plugins/com.st.stm32cube.ide.mcu.externaltools.gnu-tools-for-stm32.11.3.rel1.win32_1.1.100.202309141235/tools/bin/../lib/gcc/arm-none-eabi/11.3.1/thumb/v7e-m+fp/hard/crtbegin.o

.preinit_array  0x00000000080184cc        0x0
                0x00000000080184cc                . = ALIGN (0x4)
                0x00000000080184cc                PROVIDE (__preinit_array_start = .)
 *(.preinit_array*)
                0x00000000080184cc                PROVIDE (__preinit_array_end = .)
                0x00000000080184cc                . = ALIGN (0x4)

.init_array     0x00000000080184cc        0x4
                0x00000000080184cc                . = ALIGN (0x4)
                0x00000000080184cc                PROVIDE (__init_array_start = .)
 *(SORT_BY_NAME(.init_array.*))
 *(.init_array*)
 .init_array    0x00000000080184cc        0x4 C:/ST/STM32CubeIDE_1.12.1/STM32CubeIDE/plugins/com.st.stm32cube.ide.mcu.externaltools.gnu-tools-for-stm32.11.3.rel1.win32_1.1.100.202309141235/tools/bin/../lib/gcc/arm-none-eabi/11.3.1/thumb/v7e-m+fp/hard/crtbegin.o
                0x00000000080184d0                PROVIDE (__init_array_end = .)
                0x00000000080184d0                . = ALIGN (0x4)

.fini_array     0x00000000080184d0        0x4
                0x00000000080184d0                . = ALIGN (0x4)
                [!provide]                        PROVIDE (__fini_array_start = .)
 *(SORT_BY_NAME(.fini_array.*))
 *(.fini_array*)
 .fini_array    0x00000000080184d0        0x4 C:/ST/STM32CubeIDE_1.12.1/STM32CubeIDE/plugins/com.st.stm32cube.ide.mcu.externaltools.gnu-tools-for-stm32.11.3.rel1.win32_1.1.100.202309141235/tools/bin/../lib/gcc/arm-none-eabi/11.3.1/thumb/v7e-m+fp/hard/crtbegin.o
                [!provide]                        PROVIDE (__fini_array_end = .)
                0x00000000080184d4                . = ALIGN (0x4)
                0x00000000080184d4                _sidata = LOADADDR (.data)

.data           0x0000000020000000       0x5c load address 0x00000000080184d4
                0x0000000020000000                . = ALIGN (0x4)
                0x0000000020000000                _sdata = .
 *(.data)
 *(.data*)
 .data.SystemCoreClock
                0x0000000020000000        0x4 ./Core/Src/system_stm32f4xx.o
                0x0000000020000000                SystemCoreClock
 .data.uwTickPrio
                0x0000000020000004        0x4 ./Drivers/STM32F4xx_HAL_Driver/Src/stm32f4xx_hal.o
                0x0000000020000004                uwTickPrio
 .data.uwTickFreq
                0x0000000020000008        0x1 ./Drivers/STM32F4xx_HAL_Driver/Src/stm32f4xx_hal.o
                0x0000000020000008                uwTickFreq
 *fill*         0x0000000020000009        0x3 
 .data._impure_data
                0x000000002000000c       0x4c C:/ST/STM32CubeIDE_1.12.1/STM32CubeIDE/plugins/com.st.stm32cube.ide.mcu.externaltools.gnu-tools-for-stm32.11.3.rel1.win32_1.1.100.202309141235/tools/bin/../lib/gcc/arm-none-eabi/11.3.1/../../../../arm-none-eabi/lib/thumb/v7e-m+fp/hard\libc_nano.a(libc_a-impure.o)
                0x000000002000000c                _impure_data
 .data._impure_ptr
                0x0000000020000058        0x4 C:/ST/STM32CubeIDE_1.12.1/STM32CubeIDE/plugins/com.st.stm32cube.ide.mcu.externaltools.gnu-tools-for-stm32.11.3.rel1.win32_1.1.100.202309141235/tools/bin/../lib/gcc/arm-none-eabi/11.3.1/../../../../arm-none-eabi/lib/thumb/v7e-m+fp/hard\libc_nano.a(libc_a-impure.o)
                0x0000000020000058                _impure_ptr
 *(.RamFunc)
 *(.RamFunc*)
                0x000000002000005c                . = ALIGN (0x4)
                0x000000002000005c                _edata = .
                0x0000000008018530                _siccmram = LOADADDR (.ccmram)

.igot.plt       0x000000002000005c        0x0 load address 0x0000000008018530
 .igot.plt      0x000000002000005c        0x0 C:/ST/STM32CubeIDE_1.12.1/STM32CubeIDE/plugins/com.st.stm32cube.ide.mcu.externaltools.gnu-tools-for-stm32.11.3.rel1.win32_1.1.100.202309141235/tools/bin/../lib/gcc/arm-none-eabi/11.3.1/thumb/v7e-m+fp/hard/crtbegin.o

.ccmram         0x0000000010000000        0x0 load address 0x0000000008018530
                0x0000000010000000                . = ALIGN (0x4)
                0x0000000010000000                _sccmram = .
 *(.ccmram)
 *(.ccmram*)
                0x0000000010000000                . = ALIGN (0x4)
                0x0000000010000000                _eccmram = .
                0x0000000010000000                . = ALIGN (0x4)

.bss            0x000000002000005c     0x2ae0
                0x000000002000005c                _sbss = .
                0x000000002000005c                __bss_start__ = _sbss
 *(.bss)
 .bss           0x000000002000005c       0x1c C:/ST/STM32CubeIDE_1.12.1/STM32CubeIDE/plugins/com.st.stm32cube.ide.mcu.externaltools.gnu-tools-for-stm32.11.3.rel1.win32_1.1.100.202309141235/tools/bin/../lib/gcc/arm-none-eabi/11.3.1/thumb/v7e-m+fp/hard/crtbegin.o
 *(.bss*)
 .bss.hadc1     0x0000000020000078       0x48 ./Core/Src/main.o
                0x0000000020000078                hadc1
 .bss.hdma_adc1
                0x00000000200000c0       0x60 ./Core/Src/main.o
                0x00000000200000c0                hdma_adc1
 .bss.hdac      0x0000000020000120       0x14 ./Core/Src/main.o
                0x0000000020000120                hdac
 .bss.hdma_dac1
                0x0000000020000134       0x60 ./Core/Src/main.o
                0x0000000020000134                hdma_dac1
 .bss.htim8     0x0000000020000194       0x48 ./Core/Src/main.o
                0x0000000020000194                htim8
 .bss.pData     0x00000000200001dc       0x20 ./Core/Src/main.o
                0x00000000200001dc                pData
 .bss.i         0x00000000200001fc        0x4 ./Core/Src/main.o
                0x00000000200001fc                i
 .bss.arr       0x0000000020000200     0x1000 ./Core/Src/main.o
                0x0000000020000200                arr
 .bss.arr2      0x0000000020001200     0x1000 ./Core/Src/main.o
                0x0000000020001200                arr2
 .bss.arr3      0x0000000020002200      0x800 ./Core/Src/main.o
                0x0000000020002200                arr3
 .bss.uwTick    0x0000000020002a00        0x4 ./Drivers/STM32F4xx_HAL_Driver/Src/stm32f4xx_hal.o
                0x0000000020002a00                uwTick
 .bss.__sf      0x0000000020002a04      0x138 C:/ST/STM32CubeIDE_1.12.1/STM32CubeIDE/plugins/com.st.stm32cube.ide.mcu.externaltools.gnu-tools-for-stm32.11.3.rel1.win32_1.1.100.202309141235/tools/bin/../lib/gcc/arm-none-eabi/11.3.1/../../../../arm-none-eabi/lib/thumb/v7e-m+fp/hard\libc_nano.a(libc_a-findfp.o)
                0x0000000020002a04                __sf
 *(COMMON)
                0x0000000020002b3c                . = ALIGN (0x4)
                0x0000000020002b3c                _ebss = .
                0x0000000020002b3c                __bss_end__ = _ebss

._user_heap_stack
                0x0000000020002b3c      0x604
                0x0000000020002b40                . = ALIGN (0x8)
 *fill*         0x0000000020002b3c        0x4 
                [!provide]                        PROVIDE (end = .)
                0x0000000020002b40                PROVIDE (_end = .)
                0x0000000020002d40                . = (. + _Min_Heap_Size)
 *fill*         0x0000000020002b40      0x200 
                0x0000000020003140                . = (. + _Min_Stack_Size)
 *fill*         0x0000000020002d40      0x400 
                0x0000000020003140                . = ALIGN (0x8)

/DISCARD/
 libc.a(*)
 libm.a(*)
 libgcc.a(*)

.ARM.attributes
                0x0000000000000000       0x30
 *(.ARM.attributes)
 .ARM.attributes
                0x0000000000000000       0x1e C:/ST/STM32CubeIDE_1.12.1/STM32CubeIDE/plugins/com.st.stm32cube.ide.mcu.externaltools.gnu-tools-for-stm32.11.3.rel1.win32_1.1.100.202309141235/tools/bin/../lib/gcc/arm-none-eabi/11.3.1/thumb/v7e-m+fp/hard/crti.o
 .ARM.attributes
                0x000000000000001e       0x34 C:/ST/STM32CubeIDE_1.12.1/STM32CubeIDE/plugins/com.st.stm32cube.ide.mcu.externaltools.gnu-tools-for-stm32.11.3.rel1.win32_1.1.100.202309141235/tools/bin/../lib/gcc/arm-none-eabi/11.3.1/thumb/v7e-m+fp/hard/crtbegin.o
 .ARM.attributes
                0x0000000000000052       0x34 ./Core/Src/main.o
 .ARM.attributes
                0x0000000000000086       0x34 ./Core/Src/stm32f4xx_hal_msp.o
 .ARM.attributes
                0x00000000000000ba       0x34 ./Core/Src/stm32f4xx_it.o
 .ARM.attributes
                0x00000000000000ee       0x34 ./Core/Src/system_stm32f4xx.o
 .ARM.attributes
                0x0000000000000122       0x21 ./Core/Startup/startup_stm32f429zitx.o
 .ARM.attributes
                0x0000000000000143       0x34 ./Drivers/STM32F4xx_HAL_Driver/Src/stm32f4xx_hal.o
 .ARM.attributes
                0x0000000000000177       0x34 ./Drivers/STM32F4xx_HAL_Driver/Src/stm32f4xx_hal_adc.o
 .ARM.attributes
                0x00000000000001ab       0x34 ./Drivers/STM32F4xx_HAL_Driver/Src/stm32f4xx_hal_adc_ex.o
 .ARM.attributes
                0x00000000000001df       0x34 ./Drivers/STM32F4xx_HAL_Driver/Src/stm32f4xx_hal_cortex.o
 .ARM.attributes
                0x0000000000000213       0x34 ./Drivers/STM32F4xx_HAL_Driver/Src/stm32f4xx_hal_dac.o
 .ARM.attributes
                0x0000000000000247       0x34 ./Drivers/STM32F4xx_HAL_Driver/Src/stm32f4xx_hal_dma.o
 .ARM.attributes
                0x000000000000027b       0x34 ./Drivers/STM32F4xx_HAL_Driver/Src/stm32f4xx_hal_gpio.o
 .ARM.attributes
                0x00000000000002af       0x34 ./Drivers/STM32F4xx_HAL_Driver/Src/stm32f4xx_hal_pwr_ex.o
 .ARM.attributes
                0x00000000000002e3       0x34 ./Drivers/STM32F4xx_HAL_Driver/Src/stm32f4xx_hal_rcc.o
 .ARM.attributes
                0x0000000000000317       0x34 ./Drivers/STM32F4xx_HAL_Driver/Src/stm32f4xx_hal_tim.o
 .ARM.attributes
                0x000000000000034b       0x34 ./Drivers/STM32F4xx_HAL_Driver/Src/stm32f4xx_hal_tim_ex.o
 .ARM.attributes
                0x000000000000037f       0x39 C:\Users\MFIBADEK\STM32CubeIDE\Embedded-systems-course-tutorials-with-ARM-Cortex-M-MCU-and-STM32CUBEIDE\CH12 DSP - Tutorial 12-5 Demo of CMSIS DSP lib for FFT calculation\Lib\libarm_cortexM4lf_math.a(arm_rfft_fast_init_f32.o)
 .ARM.attributes
                0x00000000000003b8       0x39 C:\Users\MFIBADEK\STM32CubeIDE\Embedded-systems-course-tutorials-with-ARM-Cortex-M-MCU-and-STM32CUBEIDE\CH12 DSP - Tutorial 12-5 Demo of CMSIS DSP lib for FFT calculation\Lib\libarm_cortexM4lf_math.a(arm_rfft_fast_f32.o)
 .ARM.attributes
                0x00000000000003f1       0x39 C:\Users\MFIBADEK\STM32CubeIDE\Embedded-systems-course-tutorials-with-ARM-Cortex-M-MCU-and-STM32CUBEIDE\CH12 DSP - Tutorial 12-5 Demo of CMSIS DSP lib for FFT calculation\Lib\libarm_cortexM4lf_math.a(arm_cfft_f32.o)
 .ARM.attributes
                0x000000000000042a       0x39 C:\Users\MFIBADEK\STM32CubeIDE\Embedded-systems-course-tutorials-with-ARM-Cortex-M-MCU-and-STM32CUBEIDE\CH12 DSP - Tutorial 12-5 Demo of CMSIS DSP lib for FFT calculation\Lib\libarm_cortexM4lf_math.a(arm_cmplx_mag_f32.o)
 .ARM.attributes
                0x0000000000000463       0x39 C:\Users\MFIBADEK\STM32CubeIDE\Embedded-systems-course-tutorials-with-ARM-Cortex-M-MCU-and-STM32CUBEIDE\CH12 DSP - Tutorial 12-5 Demo of CMSIS DSP lib for FFT calculation\Lib\libarm_cortexM4lf_math.a(arm_sin_f32.o)
 .ARM.attributes
                0x000000000000049c       0x39 C:\Users\MFIBADEK\STM32CubeIDE\Embedded-systems-course-tutorials-with-ARM-Cortex-M-MCU-and-STM32CUBEIDE\CH12 DSP - Tutorial 12-5 Demo of CMSIS DSP lib for FFT calculation\Lib\libarm_cortexM4lf_math.a(arm_common_tables.o)
 .ARM.attributes
                0x00000000000004d5       0x25 C:\Users\MFIBADEK\STM32CubeIDE\Embedded-systems-course-tutorials-with-ARM-Cortex-M-MCU-and-STM32CUBEIDE\CH12 DSP - Tutorial 12-5 Demo of CMSIS DSP lib for FFT calculation\Lib\libarm_cortexM4lf_math.a(arm_bitreversal2.o)
 .ARM.attributes
                0x00000000000004fa       0x39 C:\Users\MFIBADEK\STM32CubeIDE\Embedded-systems-course-tutorials-with-ARM-Cortex-M-MCU-and-STM32CUBEIDE\CH12 DSP - Tutorial 12-5 Demo of CMSIS DSP lib for FFT calculation\Lib\libarm_cortexM4lf_math.a(arm_cfft_radix8_f32.o)
 .ARM.attributes
                0x0000000000000533       0x34 C:/ST/STM32CubeIDE_1.12.1/STM32CubeIDE/plugins/com.st.stm32cube.ide.mcu.externaltools.gnu-tools-for-stm32.11.3.rel1.win32_1.1.100.202309141235/tools/bin/../lib/gcc/arm-none-eabi/11.3.1/../../../../arm-none-eabi/lib/thumb/v7e-m+fp/hard\libc_nano.a(libc_a-findfp.o)
 .ARM.attributes
                0x0000000000000567       0x34 C:/ST/STM32CubeIDE_1.12.1/STM32CubeIDE/plugins/com.st.stm32cube.ide.mcu.externaltools.gnu-tools-for-stm32.11.3.rel1.win32_1.1.100.202309141235/tools/bin/../lib/gcc/arm-none-eabi/11.3.1/../../../../arm-none-eabi/lib/thumb/v7e-m+fp/hard\libc_nano.a(libc_a-memset.o)
 .ARM.attributes
                0x000000000000059b       0x34 C:/ST/STM32CubeIDE_1.12.1/STM32CubeIDE/plugins/com.st.stm32cube.ide.mcu.externaltools.gnu-tools-for-stm32.11.3.rel1.win32_1.1.100.202309141235/tools/bin/../lib/gcc/arm-none-eabi/11.3.1/../../../../arm-none-eabi/lib/thumb/v7e-m+fp/hard\libc_nano.a(libc_a-impure.o)
 .ARM.attributes
                0x00000000000005cf       0x34 C:/ST/STM32CubeIDE_1.12.1/STM32CubeIDE/plugins/com.st.stm32cube.ide.mcu.externaltools.gnu-tools-for-stm32.11.3.rel1.win32_1.1.100.202309141235/tools/bin/../lib/gcc/arm-none-eabi/11.3.1/../../../../arm-none-eabi/lib/thumb/v7e-m+fp/hard\libc_nano.a(libc_a-errno.o)
 .ARM.attributes
                0x0000000000000603       0x34 C:/ST/STM32CubeIDE_1.12.1/STM32CubeIDE/plugins/com.st.stm32cube.ide.mcu.externaltools.gnu-tools-for-stm32.11.3.rel1.win32_1.1.100.202309141235/tools/bin/../lib/gcc/arm-none-eabi/11.3.1/../../../../arm-none-eabi/lib/thumb/v7e-m+fp/hard\libc_nano.a(libc_a-init.o)
 .ARM.attributes
                0x0000000000000637       0x34 C:/ST/STM32CubeIDE_1.12.1/STM32CubeIDE/plugins/com.st.stm32cube.ide.mcu.externaltools.gnu-tools-for-stm32.11.3.rel1.win32_1.1.100.202309141235/tools/bin/../lib/gcc/arm-none-eabi/11.3.1/../../../../arm-none-eabi/lib/thumb/v7e-m+fp/hard\libm.a(libm_a-wf_sqrt.o)
 .ARM.attributes
                0x000000000000066b       0x34 C:/ST/STM32CubeIDE_1.12.1/STM32CubeIDE/plugins/com.st.stm32cube.ide.mcu.externaltools.gnu-tools-for-stm32.11.3.rel1.win32_1.1.100.202309141235/tools/bin/../lib/gcc/arm-none-eabi/11.3.1/../../../../arm-none-eabi/lib/thumb/v7e-m+fp/hard\libm.a(libm_a-ef_sqrt.o)
 .ARM.attributes
                0x000000000000069f       0x1e C:/ST/STM32CubeIDE_1.12.1/STM32CubeIDE/plugins/com.st.stm32cube.ide.mcu.externaltools.gnu-tools-for-stm32.11.3.rel1.win32_1.1.100.202309141235/tools/bin/../lib/gcc/arm-none-eabi/11.3.1/thumb/v7e-m+fp/hard\libgcc.a(_aeabi_uldivmod.o)
 .ARM.attributes
                0x00000000000006bd       0x34 C:/ST/STM32CubeIDE_1.12.1/STM32CubeIDE/plugins/com.st.stm32cube.ide.mcu.externaltools.gnu-tools-for-stm32.11.3.rel1.win32_1.1.100.202309141235/tools/bin/../lib/gcc/arm-none-eabi/11.3.1/thumb/v7e-m+fp/hard\libgcc.a(_udivmoddi4.o)
 .ARM.attributes
                0x00000000000006f1       0x1e C:/ST/STM32CubeIDE_1.12.1/STM32CubeIDE/plugins/com.st.stm32cube.ide.mcu.externaltools.gnu-tools-for-stm32.11.3.rel1.win32_1.1.100.202309141235/tools/bin/../lib/gcc/arm-none-eabi/11.3.1/thumb/v7e-m+fp/hard\libgcc.a(_dvmd_tls.o)
 .ARM.attributes
                0x000000000000070f       0x1e C:/ST/STM32CubeIDE_1.12.1/STM32CubeIDE/plugins/com.st.stm32cube.ide.mcu.externaltools.gnu-tools-for-stm32.11.3.rel1.win32_1.1.100.202309141235/tools/bin/../lib/gcc/arm-none-eabi/11.3.1/thumb/v7e-m+fp/hard/crtn.o
OUTPUT(CH12 DSP - Tutorial 12-5 Demo of CMSIS DSP lib for FFT calculation.elf elf32-littlearm)
LOAD linker stubs
LOAD C:/ST/STM32CubeIDE_1.12.1/STM32CubeIDE/plugins/com.st.stm32cube.ide.mcu.externaltools.gnu-tools-for-stm32.11.3.rel1.win32_1.1.100.202309141235/tools/bin/../lib/gcc/arm-none-eabi/11.3.1/../../../../arm-none-eabi/lib/thumb/v7e-m+fp/hard\libc.a
LOAD C:/ST/STM32CubeIDE_1.12.1/STM32CubeIDE/plugins/com.st.stm32cube.ide.mcu.externaltools.gnu-tools-for-stm32.11.3.rel1.win32_1.1.100.202309141235/tools/bin/../lib/gcc/arm-none-eabi/11.3.1/../../../../arm-none-eabi/lib/thumb/v7e-m+fp/hard\libm.a
LOAD C:/ST/STM32CubeIDE_1.12.1/STM32CubeIDE/plugins/com.st.stm32cube.ide.mcu.externaltools.gnu-tools-for-stm32.11.3.rel1.win32_1.1.100.202309141235/tools/bin/../lib/gcc/arm-none-eabi/11.3.1/thumb/v7e-m+fp/hard\libgcc.a

.comment        0x0000000000000000       0xb3
 .comment       0x0000000000000000       0x43 C:/ST/STM32CubeIDE_1.12.1/STM32CubeIDE/plugins/com.st.stm32cube.ide.mcu.externaltools.gnu-tools-for-stm32.11.3.rel1.win32_1.1.100.202309141235/tools/bin/../lib/gcc/arm-none-eabi/11.3.1/thumb/v7e-m+fp/hard/crtbegin.o
                                         0x44 (size before relaxing)
 .comment       0x0000000000000043       0x44 ./Core/Src/main.o
 .comment       0x0000000000000043       0x44 ./Core/Src/stm32f4xx_hal_msp.o
 .comment       0x0000000000000043       0x44 ./Core/Src/stm32f4xx_it.o
 .comment       0x0000000000000043       0x44 ./Core/Src/system_stm32f4xx.o
 .comment       0x0000000000000043       0x44 ./Drivers/STM32F4xx_HAL_Driver/Src/stm32f4xx_hal.o
 .comment       0x0000000000000043       0x44 ./Drivers/STM32F4xx_HAL_Driver/Src/stm32f4xx_hal_adc.o
 .comment       0x0000000000000043       0x44 ./Drivers/STM32F4xx_HAL_Driver/Src/stm32f4xx_hal_adc_ex.o
 .comment       0x0000000000000043       0x44 ./Drivers/STM32F4xx_HAL_Driver/Src/stm32f4xx_hal_cortex.o
 .comment       0x0000000000000043       0x44 ./Drivers/STM32F4xx_HAL_Driver/Src/stm32f4xx_hal_dac.o
 .comment       0x0000000000000043       0x44 ./Drivers/STM32F4xx_HAL_Driver/Src/stm32f4xx_hal_dma.o
 .comment       0x0000000000000043       0x44 ./Drivers/STM32F4xx_HAL_Driver/Src/stm32f4xx_hal_gpio.o
 .comment       0x0000000000000043       0x44 ./Drivers/STM32F4xx_HAL_Driver/Src/stm32f4xx_hal_pwr_ex.o
 .comment       0x0000000000000043       0x44 ./Drivers/STM32F4xx_HAL_Driver/Src/stm32f4xx_hal_rcc.o
 .comment       0x0000000000000043       0x44 ./Drivers/STM32F4xx_HAL_Driver/Src/stm32f4xx_hal_tim.o
 .comment       0x0000000000000043       0x44 ./Drivers/STM32F4xx_HAL_Driver/Src/stm32f4xx_hal_tim_ex.o
 .comment       0x0000000000000043       0x70 C:\Users\MFIBADEK\STM32CubeIDE\Embedded-systems-course-tutorials-with-ARM-Cortex-M-MCU-and-STM32CUBEIDE\CH12 DSP - Tutorial 12-5 Demo of CMSIS DSP lib for FFT calculation\Lib\libarm_cortexM4lf_math.a(arm_rfft_fast_init_f32.o)
                                         0x71 (size before relaxing)
 .comment       0x00000000000000b3       0x71 C:\Users\MFIBADEK\STM32CubeIDE\Embedded-systems-course-tutorials-with-ARM-Cortex-M-MCU-and-STM32CUBEIDE\CH12 DSP - Tutorial 12-5 Demo of CMSIS DSP lib for FFT calculation\Lib\libarm_cortexM4lf_math.a(arm_rfft_fast_f32.o)
 .comment       0x00000000000000b3       0x71 C:\Users\MFIBADEK\STM32CubeIDE\Embedded-systems-course-tutorials-with-ARM-Cortex-M-MCU-and-STM32CUBEIDE\CH12 DSP - Tutorial 12-5 Demo of CMSIS DSP lib for FFT calculation\Lib\libarm_cortexM4lf_math.a(arm_cfft_f32.o)
 .comment       0x00000000000000b3       0x71 C:\Users\MFIBADEK\STM32CubeIDE\Embedded-systems-course-tutorials-with-ARM-Cortex-M-MCU-and-STM32CUBEIDE\CH12 DSP - Tutorial 12-5 Demo of CMSIS DSP lib for FFT calculation\Lib\libarm_cortexM4lf_math.a(arm_cmplx_mag_f32.o)
 .comment       0x00000000000000b3       0x71 C:\Users\MFIBADEK\STM32CubeIDE\Embedded-systems-course-tutorials-with-ARM-Cortex-M-MCU-and-STM32CUBEIDE\CH12 DSP - Tutorial 12-5 Demo of CMSIS DSP lib for FFT calculation\Lib\libarm_cortexM4lf_math.a(arm_sin_f32.o)
 .comment       0x00000000000000b3       0x71 C:\Users\MFIBADEK\STM32CubeIDE\Embedded-systems-course-tutorials-with-ARM-Cortex-M-MCU-and-STM32CUBEIDE\CH12 DSP - Tutorial 12-5 Demo of CMSIS DSP lib for FFT calculation\Lib\libarm_cortexM4lf_math.a(arm_common_tables.o)
 .comment       0x00000000000000b3       0x71 C:\Users\MFIBADEK\STM32CubeIDE\Embedded-systems-course-tutorials-with-ARM-Cortex-M-MCU-and-STM32CUBEIDE\CH12 DSP - Tutorial 12-5 Demo of CMSIS DSP lib for FFT calculation\Lib\libarm_cortexM4lf_math.a(arm_cfft_radix8_f32.o)

.debug_info     0x0000000000000000     0xf257
 .debug_info    0x0000000000000000     0x186b ./Core/Src/main.o
 .debug_info    0x000000000000186b     0x1209 ./Core/Src/stm32f4xx_hal_msp.o
 .debug_info    0x0000000000002a74      0x661 ./Core/Src/stm32f4xx_it.o
 .debug_info    0x00000000000030d5      0x52e ./Core/Src/system_stm32f4xx.o
 .debug_info    0x0000000000003603       0x23 ./Core/Startup/startup_stm32f429zitx.o
 .debug_info    0x0000000000003626      0x9ba ./Drivers/STM32F4xx_HAL_Driver/Src/stm32f4xx_hal.o
 .debug_info    0x0000000000003fe0      0xcd4 ./Drivers/STM32F4xx_HAL_Driver/Src/stm32f4xx_hal_adc.o
 .debug_info    0x0000000000004cb4      0xb59 ./Drivers/STM32F4xx_HAL_Driver/Src/stm32f4xx_hal_adc_ex.o
 .debug_info    0x000000000000580d      0xd8d ./Drivers/STM32F4xx_HAL_Driver/Src/stm32f4xx_hal_cortex.o
 .debug_info    0x000000000000659a      0xa01 ./Drivers/STM32F4xx_HAL_Driver/Src/stm32f4xx_hal_dac.o
 .debug_info    0x0000000000006f9b      0x8e7 ./Drivers/STM32F4xx_HAL_Driver/Src/stm32f4xx_hal_dma.o
 .debug_info    0x0000000000007882      0x6db ./Drivers/STM32F4xx_HAL_Driver/Src/stm32f4xx_hal_gpio.o
 .debug_info    0x0000000000007f5d      0x6be ./Drivers/STM32F4xx_HAL_Driver/Src/stm32f4xx_hal_pwr_ex.o
 .debug_info    0x000000000000861b      0x8c9 ./Drivers/STM32F4xx_HAL_Driver/Src/stm32f4xx_hal_rcc.o
 .debug_info    0x0000000000008ee4     0x299d ./Drivers/STM32F4xx_HAL_Driver/Src/stm32f4xx_hal_tim.o
 .debug_info    0x000000000000b881     0x14db ./Drivers/STM32F4xx_HAL_Driver/Src/stm32f4xx_hal_tim_ex.o
 .debug_info    0x000000000000cd5c      0x4c3 C:\Users\MFIBADEK\STM32CubeIDE\Embedded-systems-course-tutorials-with-ARM-Cortex-M-MCU-and-STM32CUBEIDE\CH12 DSP - Tutorial 12-5 Demo of CMSIS DSP lib for FFT calculation\Lib\libarm_cortexM4lf_math.a(arm_rfft_fast_init_f32.o)
 .debug_info    0x000000000000d21f      0x72d C:\Users\MFIBADEK\STM32CubeIDE\Embedded-systems-course-tutorials-with-ARM-Cortex-M-MCU-and-STM32CUBEIDE\CH12 DSP - Tutorial 12-5 Demo of CMSIS DSP lib for FFT calculation\Lib\libarm_cortexM4lf_math.a(arm_rfft_fast_f32.o)
 .debug_info    0x000000000000d94c      0x6b9 C:\Users\MFIBADEK\STM32CubeIDE\Embedded-systems-course-tutorials-with-ARM-Cortex-M-MCU-and-STM32CUBEIDE\CH12 DSP - Tutorial 12-5 Demo of CMSIS DSP lib for FFT calculation\Lib\libarm_cortexM4lf_math.a(arm_cfft_f32.o)
 .debug_info    0x000000000000e005      0x299 C:\Users\MFIBADEK\STM32CubeIDE\Embedded-systems-course-tutorials-with-ARM-Cortex-M-MCU-and-STM32CUBEIDE\CH12 DSP - Tutorial 12-5 Demo of CMSIS DSP lib for FFT calculation\Lib\libarm_cortexM4lf_math.a(arm_cmplx_mag_f32.o)
 .debug_info    0x000000000000e29e      0x17e C:\Users\MFIBADEK\STM32CubeIDE\Embedded-systems-course-tutorials-with-ARM-Cortex-M-MCU-and-STM32CUBEIDE\CH12 DSP - Tutorial 12-5 Demo of CMSIS DSP lib for FFT calculation\Lib\libarm_cortexM4lf_math.a(arm_sin_f32.o)
 .debug_info    0x000000000000e41c      0x99d C:\Users\MFIBADEK\STM32CubeIDE\Embedded-systems-course-tutorials-with-ARM-Cortex-M-MCU-and-STM32CUBEIDE\CH12 DSP - Tutorial 12-5 Demo of CMSIS DSP lib for FFT calculation\Lib\libarm_cortexM4lf_math.a(arm_common_tables.o)
 .debug_info    0x000000000000edb9       0x85 C:\Users\MFIBADEK\STM32CubeIDE\Embedded-systems-course-tutorials-with-ARM-Cortex-M-MCU-and-STM32CUBEIDE\CH12 DSP - Tutorial 12-5 Demo of CMSIS DSP lib for FFT calculation\Lib\libarm_cortexM4lf_math.a(arm_bitreversal2.o)
 .debug_info    0x000000000000ee3e      0x419 C:\Users\MFIBADEK\STM32CubeIDE\Embedded-systems-course-tutorials-with-ARM-Cortex-M-MCU-and-STM32CUBEIDE\CH12 DSP - Tutorial 12-5 Demo of CMSIS DSP lib for FFT calculation\Lib\libarm_cortexM4lf_math.a(arm_cfft_radix8_f32.o)

.debug_abbrev   0x0000000000000000     0x28b9
 .debug_abbrev  0x0000000000000000      0x2ca ./Core/Src/main.o
 .debug_abbrev  0x00000000000002ca      0x257 ./Core/Src/stm32f4xx_hal_msp.o
 .debug_abbrev  0x0000000000000521      0x17e ./Core/Src/stm32f4xx_it.o
 .debug_abbrev  0x000000000000069f      0x11a ./Core/Src/system_stm32f4xx.o
 .debug_abbrev  0x00000000000007b9       0x12 ./Core/Startup/startup_stm32f429zitx.o
 .debug_abbrev  0x00000000000007cb      0x214 ./Drivers/STM32F4xx_HAL_Driver/Src/stm32f4xx_hal.o
 .debug_abbrev  0x00000000000009df      0x252 ./Drivers/STM32F4xx_HAL_Driver/Src/stm32f4xx_hal_adc.o
 .debug_abbrev  0x0000000000000c31      0x270 ./Drivers/STM32F4xx_HAL_Driver/Src/stm32f4xx_hal_adc_ex.o
 .debug_abbrev  0x0000000000000ea1      0x328 ./Drivers/STM32F4xx_HAL_Driver/Src/stm32f4xx_hal_cortex.o
 .debug_abbrev  0x00000000000011c9      0x1fa ./Drivers/STM32F4xx_HAL_Driver/Src/stm32f4xx_hal_dac.o
 .debug_abbrev  0x00000000000013c3      0x264 ./Drivers/STM32F4xx_HAL_Driver/Src/stm32f4xx_hal_dma.o
 .debug_abbrev  0x0000000000001627      0x1d4 ./Drivers/STM32F4xx_HAL_Driver/Src/stm32f4xx_hal_gpio.o
 .debug_abbrev  0x00000000000017fb      0x1cf ./Drivers/STM32F4xx_HAL_Driver/Src/stm32f4xx_hal_pwr_ex.o
 .debug_abbrev  0x00000000000019ca      0x2b6 ./Drivers/STM32F4xx_HAL_Driver/Src/stm32f4xx_hal_rcc.o
 .debug_abbrev  0x0000000000001c80      0x278 ./Drivers/STM32F4xx_HAL_Driver/Src/stm32f4xx_hal_tim.o
 .debug_abbrev  0x0000000000001ef8      0x283 ./Drivers/STM32F4xx_HAL_Driver/Src/stm32f4xx_hal_tim_ex.o
 .debug_abbrev  0x000000000000217b       0xfd C:\Users\MFIBADEK\STM32CubeIDE\Embedded-systems-course-tutorials-with-ARM-Cortex-M-MCU-and-STM32CUBEIDE\CH12 DSP - Tutorial 12-5 Demo of CMSIS DSP lib for FFT calculation\Lib\libarm_cortexM4lf_math.a(arm_rfft_fast_init_f32.o)
 .debug_abbrev  0x0000000000002278      0x188 C:\Users\MFIBADEK\STM32CubeIDE\Embedded-systems-course-tutorials-with-ARM-Cortex-M-MCU-and-STM32CUBEIDE\CH12 DSP - Tutorial 12-5 Demo of CMSIS DSP lib for FFT calculation\Lib\libarm_cortexM4lf_math.a(arm_rfft_fast_f32.o)
 .debug_abbrev  0x0000000000002400      0x18b C:\Users\MFIBADEK\STM32CubeIDE\Embedded-systems-course-tutorials-with-ARM-Cortex-M-MCU-and-STM32CUBEIDE\CH12 DSP - Tutorial 12-5 Demo of CMSIS DSP lib for FFT calculation\Lib\libarm_cortexM4lf_math.a(arm_cfft_f32.o)
 .debug_abbrev  0x000000000000258b      0x11b C:\Users\MFIBADEK\STM32CubeIDE\Embedded-systems-course-tutorials-with-ARM-Cortex-M-MCU-and-STM32CUBEIDE\CH12 DSP - Tutorial 12-5 Demo of CMSIS DSP lib for FFT calculation\Lib\libarm_cortexM4lf_math.a(arm_cmplx_mag_f32.o)
 .debug_abbrev  0x00000000000026a6       0xd3 C:\Users\MFIBADEK\STM32CubeIDE\Embedded-systems-course-tutorials-with-ARM-Cortex-M-MCU-and-STM32CUBEIDE\CH12 DSP - Tutorial 12-5 Demo of CMSIS DSP lib for FFT calculation\Lib\libarm_cortexM4lf_math.a(arm_sin_f32.o)
 .debug_abbrev  0x0000000000002779       0x84 C:\Users\MFIBADEK\STM32CubeIDE\Embedded-systems-course-tutorials-with-ARM-Cortex-M-MCU-and-STM32CUBEIDE\CH12 DSP - Tutorial 12-5 Demo of CMSIS DSP lib for FFT calculation\Lib\libarm_cortexM4lf_math.a(arm_common_tables.o)
 .debug_abbrev  0x00000000000027fd       0x14 C:\Users\MFIBADEK\STM32CubeIDE\Embedded-systems-course-tutorials-with-ARM-Cortex-M-MCU-and-STM32CUBEIDE\CH12 DSP - Tutorial 12-5 Demo of CMSIS DSP lib for FFT calculation\Lib\libarm_cortexM4lf_math.a(arm_bitreversal2.o)
 .debug_abbrev  0x0000000000002811       0xa8 C:\Users\MFIBADEK\STM32CubeIDE\Embedded-systems-course-tutorials-with-ARM-Cortex-M-MCU-and-STM32CUBEIDE\CH12 DSP - Tutorial 12-5 Demo of CMSIS DSP lib for FFT calculation\Lib\libarm_cortexM4lf_math.a(arm_cfft_radix8_f32.o)

.debug_aranges  0x0000000000000000      0xdf0
 .debug_aranges
                0x0000000000000000       0x60 ./Core/Src/main.o
 .debug_aranges
                0x0000000000000060       0x50 ./Core/Src/stm32f4xx_hal_msp.o
 .debug_aranges
                0x00000000000000b0       0x78 ./Core/Src/stm32f4xx_it.o
 .debug_aranges
                0x0000000000000128       0x28 ./Core/Src/system_stm32f4xx.o
 .debug_aranges
                0x0000000000000150       0x28 ./Core/Startup/startup_stm32f429zitx.o
 .debug_aranges
                0x0000000000000178      0x100 ./Drivers/STM32F4xx_HAL_Driver/Src/stm32f4xx_hal.o
 .debug_aranges
                0x0000000000000278       0xe8 ./Drivers/STM32F4xx_HAL_Driver/Src/stm32f4xx_hal_adc.o
 .debug_aranges
                0x0000000000000360       0x90 ./Drivers/STM32F4xx_HAL_Driver/Src/stm32f4xx_hal_adc_ex.o
 .debug_aranges
                0x00000000000003f0      0x120 ./Drivers/STM32F4xx_HAL_Driver/Src/stm32f4xx_hal_cortex.o
 .debug_aranges
                0x0000000000000510       0xc0 ./Drivers/STM32F4xx_HAL_Driver/Src/stm32f4xx_hal_dac.o
 .debug_aranges
                0x00000000000005d0       0x90 ./Drivers/STM32F4xx_HAL_Driver/Src/stm32f4xx_hal_dma.o
 .debug_aranges
                0x0000000000000660       0x58 ./Drivers/STM32F4xx_HAL_Driver/Src/stm32f4xx_hal_gpio.o
 .debug_aranges
                0x00000000000006b8       0x60 ./Drivers/STM32F4xx_HAL_Driver/Src/stm32f4xx_hal_pwr_ex.o
 .debug_aranges
                0x0000000000000718       0x88 ./Drivers/STM32F4xx_HAL_Driver/Src/stm32f4xx_hal_rcc.o
 .debug_aranges
                0x00000000000007a0      0x3d0 ./Drivers/STM32F4xx_HAL_Driver/Src/stm32f4xx_hal_tim.o
 .debug_aranges
                0x0000000000000b70      0x168 ./Drivers/STM32F4xx_HAL_Driver/Src/stm32f4xx_hal_tim_ex.o
 .debug_aranges
                0x0000000000000cd8       0x20 C:\Users\MFIBADEK\STM32CubeIDE\Embedded-systems-course-tutorials-with-ARM-Cortex-M-MCU-and-STM32CUBEIDE\CH12 DSP - Tutorial 12-5 Demo of CMSIS DSP lib for FFT calculation\Lib\libarm_cortexM4lf_math.a(arm_rfft_fast_init_f32.o)
 .debug_aranges
                0x0000000000000cf8       0x30 C:\Users\MFIBADEK\STM32CubeIDE\Embedded-systems-course-tutorials-with-ARM-Cortex-M-MCU-and-STM32CUBEIDE\CH12 DSP - Tutorial 12-5 Demo of CMSIS DSP lib for FFT calculation\Lib\libarm_cortexM4lf_math.a(arm_rfft_fast_f32.o)
 .debug_aranges
                0x0000000000000d28       0x30 C:\Users\MFIBADEK\STM32CubeIDE\Embedded-systems-course-tutorials-with-ARM-Cortex-M-MCU-and-STM32CUBEIDE\CH12 DSP - Tutorial 12-5 Demo of CMSIS DSP lib for FFT calculation\Lib\libarm_cortexM4lf_math.a(arm_cfft_f32.o)
 .debug_aranges
                0x0000000000000d58       0x20 C:\Users\MFIBADEK\STM32CubeIDE\Embedded-systems-course-tutorials-with-ARM-Cortex-M-MCU-and-STM32CUBEIDE\CH12 DSP - Tutorial 12-5 Demo of CMSIS DSP lib for FFT calculation\Lib\libarm_cortexM4lf_math.a(arm_cmplx_mag_f32.o)
 .debug_aranges
                0x0000000000000d78       0x20 C:\Users\MFIBADEK\STM32CubeIDE\Embedded-systems-course-tutorials-with-ARM-Cortex-M-MCU-and-STM32CUBEIDE\CH12 DSP - Tutorial 12-5 Demo of CMSIS DSP lib for FFT calculation\Lib\libarm_cortexM4lf_math.a(arm_sin_f32.o)
 .debug_aranges
                0x0000000000000d98       0x18 C:\Users\MFIBADEK\STM32CubeIDE\Embedded-systems-course-tutorials-with-ARM-Cortex-M-MCU-and-STM32CUBEIDE\CH12 DSP - Tutorial 12-5 Demo of CMSIS DSP lib for FFT calculation\Lib\libarm_cortexM4lf_math.a(arm_common_tables.o)
 .debug_aranges
                0x0000000000000db0       0x20 C:\Users\MFIBADEK\STM32CubeIDE\Embedded-systems-course-tutorials-with-ARM-Cortex-M-MCU-and-STM32CUBEIDE\CH12 DSP - Tutorial 12-5 Demo of CMSIS DSP lib for FFT calculation\Lib\libarm_cortexM4lf_math.a(arm_bitreversal2.o)
 .debug_aranges
                0x0000000000000dd0       0x20 C:\Users\MFIBADEK\STM32CubeIDE\Embedded-systems-course-tutorials-with-ARM-Cortex-M-MCU-and-STM32CUBEIDE\CH12 DSP - Tutorial 12-5 Demo of CMSIS DSP lib for FFT calculation\Lib\libarm_cortexM4lf_math.a(arm_cfft_radix8_f32.o)

.debug_rnglists
                0x0000000000000000      0x9e9
 .debug_rnglists
                0x0000000000000000       0x48 ./Core/Src/main.o
 .debug_rnglists
                0x0000000000000048       0x39 ./Core/Src/stm32f4xx_hal_msp.o
 .debug_rnglists
                0x0000000000000081       0x55 ./Core/Src/stm32f4xx_it.o
 .debug_rnglists
                0x00000000000000d6       0x1a ./Core/Src/system_stm32f4xx.o
 .debug_rnglists
                0x00000000000000f0       0x19 ./Core/Startup/startup_stm32f429zitx.o
 .debug_rnglists
                0x0000000000000109       0xbb ./Drivers/STM32F4xx_HAL_Driver/Src/stm32f4xx_hal.o
 .debug_rnglists
                0x00000000000001c4       0xb5 ./Drivers/STM32F4xx_HAL_Driver/Src/stm32f4xx_hal_adc.o
 .debug_rnglists
                0x0000000000000279       0x71 ./Drivers/STM32F4xx_HAL_Driver/Src/stm32f4xx_hal_adc_ex.o
 .debug_rnglists
                0x00000000000002ea       0xd4 ./Drivers/STM32F4xx_HAL_Driver/Src/stm32f4xx_hal_cortex.o
 .debug_rnglists
                0x00000000000003be       0x90 ./Drivers/STM32F4xx_HAL_Driver/Src/stm32f4xx_hal_dac.o
 .debug_rnglists
                0x000000000000044e       0x70 ./Drivers/STM32F4xx_HAL_Driver/Src/stm32f4xx_hal_dma.o
 .debug_rnglists
                0x00000000000004be       0x3f ./Drivers/STM32F4xx_HAL_Driver/Src/stm32f4xx_hal_gpio.o
 .debug_rnglists
                0x00000000000004fd       0x47 ./Drivers/STM32F4xx_HAL_Driver/Src/stm32f4xx_hal_pwr_ex.o
 .debug_rnglists
                0x0000000000000544       0x66 ./Drivers/STM32F4xx_HAL_Driver/Src/stm32f4xx_hal_rcc.o
 .debug_rnglists
                0x00000000000005aa      0x31a ./Drivers/STM32F4xx_HAL_Driver/Src/stm32f4xx_hal_tim.o
 .debug_rnglists
                0x00000000000008c4      0x125 ./Drivers/STM32F4xx_HAL_Driver/Src/stm32f4xx_hal_tim_ex.o

.debug_macro    0x0000000000000000    0x24da4
 .debug_macro   0x0000000000000000      0x313 ./Core/Src/main.o
 .debug_macro   0x0000000000000313      0xaa8 ./Core/Src/main.o
 .debug_macro   0x0000000000000dbb      0x2a1 ./Core/Src/main.o
 .debug_macro   0x000000000000105c       0x2e ./Core/Src/main.o
 .debug_macro   0x000000000000108a       0x28 ./Core/Src/main.o
 .debug_macro   0x00000000000010b2       0x22 ./Core/Src/main.o
 .debug_macro   0x00000000000010d4       0x8e ./Core/Src/main.o
 .debug_macro   0x0000000000001162       0x51 ./Core/Src/main.o
 .debug_macro   0x00000000000011b3      0x103 ./Core/Src/main.o
 .debug_macro   0x00000000000012b6       0x6a ./Core/Src/main.o
 .debug_macro   0x0000000000001320      0x1df ./Core/Src/main.o
 .debug_macro   0x00000000000014ff       0x1c ./Core/Src/main.o
 .debug_macro   0x000000000000151b       0x22 ./Core/Src/main.o
 .debug_macro   0x000000000000153d       0xfb ./Core/Src/main.o
 .debug_macro   0x0000000000001638     0x1011 ./Core/Src/main.o
 .debug_macro   0x0000000000002649      0x11f ./Core/Src/main.o
 .debug_macro   0x0000000000002768    0x17fd8 ./Core/Src/main.o
 .debug_macro   0x000000000001a740       0x6d ./Core/Src/main.o
 .debug_macro   0x000000000001a7ad     0x3703 ./Core/Src/main.o
 .debug_macro   0x000000000001deb0      0x174 ./Core/Src/main.o
 .debug_macro   0x000000000001e024       0x5c ./Core/Src/main.o
 .debug_macro   0x000000000001e080      0xcba ./Core/Src/main.o
 .debug_macro   0x000000000001ed3a      0x9e9 ./Core/Src/main.o
 .debug_macro   0x000000000001f723      0x115 ./Core/Src/main.o
 .debug_macro   0x000000000001f838      0x156 ./Core/Src/main.o
 .debug_macro   0x000000000001f98e       0xa5 ./Core/Src/main.o
 .debug_macro   0x000000000001fa33      0x182 ./Core/Src/main.o
 .debug_macro   0x000000000001fbb5      0x287 ./Core/Src/main.o
 .debug_macro   0x000000000001fe3c       0x5f ./Core/Src/main.o
 .debug_macro   0x000000000001fe9b      0x236 ./Core/Src/main.o
 .debug_macro   0x00000000000200d1      0xb54 ./Core/Src/main.o
 .debug_macro   0x0000000000020c25      0x38b ./Core/Src/main.o
 .debug_macro   0x0000000000020fb0      0x184 ./Core/Src/main.o
 .debug_macro   0x0000000000021134       0xf9 ./Core/Src/main.o
 .debug_macro   0x000000000002122d      0x122 ./Core/Src/main.o
 .debug_macro   0x000000000002134f       0xa6 ./Core/Src/main.o
 .debug_macro   0x00000000000213f5      0x132 ./Core/Src/main.o
 .debug_macro   0x0000000000021527      0x41d ./Core/Src/main.o
 .debug_macro   0x0000000000021944       0x2e ./Core/Src/main.o
 .debug_macro   0x0000000000021972      0x127 ./Core/Src/main.o
 .debug_macro   0x0000000000021a99       0xe2 ./Core/Src/main.o
 .debug_macro   0x0000000000021b7b       0x89 ./Core/Src/main.o
 .debug_macro   0x0000000000021c04      0x8ed ./Core/Src/main.o
 .debug_macro   0x00000000000224f1       0x4d ./Core/Src/main.o
 .debug_macro   0x000000000002253e      0x134 ./Core/Src/main.o
 .debug_macro   0x0000000000022672       0x12 ./Core/Src/main.o
 .debug_macro   0x0000000000022684       0x61 ./Core/Src/main.o
 .debug_macro   0x00000000000226e5       0x2a ./Core/Src/main.o
 .debug_macro   0x000000000002270f       0x43 ./Core/Src/main.o
 .debug_macro   0x0000000000022752       0x34 ./Core/Src/main.o
 .debug_macro   0x0000000000022786       0x16 ./Core/Src/main.o
 .debug_macro   0x000000000002279c       0x43 ./Core/Src/main.o
 .debug_macro   0x00000000000227df       0x34 ./Core/Src/main.o
 .debug_macro   0x0000000000022813       0x10 ./Core/Src/main.o
 .debug_macro   0x0000000000022823       0x58 ./Core/Src/main.o
 .debug_macro   0x000000000002287b       0x8e ./Core/Src/main.o
 .debug_macro   0x0000000000022909       0x1c ./Core/Src/main.o
 .debug_macro   0x0000000000022925      0x177 ./Core/Src/main.o
 .debug_macro   0x0000000000022a9c      0x369 ./Core/Src/main.o
 .debug_macro   0x0000000000022e05       0x10 ./Core/Src/main.o
 .debug_macro   0x0000000000022e15       0x35 ./Core/Src/main.o
 .debug_macro   0x0000000000022e4a       0x20 ./Core/Src/main.o
 .debug_macro   0x0000000000022e6a      0x19b ./Core/Src/main.o
 .debug_macro   0x0000000000023005       0xd6 ./Core/Src/main.o
 .debug_macro   0x00000000000230db      0x20a ./Core/Src/stm32f4xx_hal_msp.o
 .debug_macro   0x00000000000232e5      0x214 ./Core/Src/stm32f4xx_it.o
 .debug_macro   0x00000000000234f9      0x200 ./Core/Src/system_stm32f4xx.o
 .debug_macro   0x00000000000236f9      0x260 ./Drivers/STM32F4xx_HAL_Driver/Src/stm32f4xx_hal.o
 .debug_macro   0x0000000000023959      0x201 ./Drivers/STM32F4xx_HAL_Driver/Src/stm32f4xx_hal_adc.o
 .debug_macro   0x0000000000023b5a      0x200 ./Drivers/STM32F4xx_HAL_Driver/Src/stm32f4xx_hal_adc_ex.o
 .debug_macro   0x0000000000023d5a      0x200 ./Drivers/STM32F4xx_HAL_Driver/Src/stm32f4xx_hal_cortex.o
 .debug_macro   0x0000000000023f5a      0x201 ./Drivers/STM32F4xx_HAL_Driver/Src/stm32f4xx_hal_dac.o
 .debug_macro   0x000000000002415b      0x206 ./Drivers/STM32F4xx_HAL_Driver/Src/stm32f4xx_hal_dma.o
 .debug_macro   0x0000000000024361      0x206 ./Drivers/STM32F4xx_HAL_Driver/Src/stm32f4xx_hal_gpio.o
 .debug_macro   0x0000000000024567      0x218 ./Drivers/STM32F4xx_HAL_Driver/Src/stm32f4xx_hal_pwr_ex.o
 .debug_macro   0x000000000002477f      0x224 ./Drivers/STM32F4xx_HAL_Driver/Src/stm32f4xx_hal_rcc.o
 .debug_macro   0x00000000000249a3      0x201 ./Drivers/STM32F4xx_HAL_Driver/Src/stm32f4xx_hal_tim.o
 .debug_macro   0x0000000000024ba4      0x200 ./Drivers/STM32F4xx_HAL_Driver/Src/stm32f4xx_hal_tim_ex.o

.debug_line     0x0000000000000000    0x10a67
 .debug_line    0x0000000000000000      0xb25 ./Core/Src/main.o
 .debug_line    0x0000000000000b25      0x8c7 ./Core/Src/stm32f4xx_hal_msp.o
 .debug_line    0x00000000000013ec      0x8b9 ./Core/Src/stm32f4xx_it.o
 .debug_line    0x0000000000001ca5      0x830 ./Core/Src/system_stm32f4xx.o
 .debug_line    0x00000000000024d5       0x7a ./Core/Startup/startup_stm32f429zitx.o
 .debug_line    0x000000000000254f      0xacc ./Drivers/STM32F4xx_HAL_Driver/Src/stm32f4xx_hal.o
 .debug_line    0x000000000000301b     0x131c ./Drivers/STM32F4xx_HAL_Driver/Src/stm32f4xx_hal_adc.o
 .debug_line    0x0000000000004337      0xf65 ./Drivers/STM32F4xx_HAL_Driver/Src/stm32f4xx_hal_adc_ex.o
 .debug_line    0x000000000000529c      0xd62 ./Drivers/STM32F4xx_HAL_Driver/Src/stm32f4xx_hal_cortex.o
 .debug_line    0x0000000000005ffe      0xc0a ./Drivers/STM32F4xx_HAL_Driver/Src/stm32f4xx_hal_dac.o
 .debug_line    0x0000000000006c08      0xffa ./Drivers/STM32F4xx_HAL_Driver/Src/stm32f4xx_hal_dma.o
 .debug_line    0x0000000000007c02      0xc32 ./Drivers/STM32F4xx_HAL_Driver/Src/stm32f4xx_hal_gpio.o
 .debug_line    0x0000000000008834      0x9bf ./Drivers/STM32F4xx_HAL_Driver/Src/stm32f4xx_hal_pwr_ex.o
 .debug_line    0x00000000000091f3      0xe0f ./Drivers/STM32F4xx_HAL_Driver/Src/stm32f4xx_hal_rcc.o
 .debug_line    0x000000000000a002     0x3822 ./Drivers/STM32F4xx_HAL_Driver/Src/stm32f4xx_hal_tim.o
 .debug_line    0x000000000000d824     0x1a92 ./Drivers/STM32F4xx_HAL_Driver/Src/stm32f4xx_hal_tim_ex.o
 .debug_line    0x000000000000f2b6      0x1ab C:\Users\MFIBADEK\STM32CubeIDE\Embedded-systems-course-tutorials-with-ARM-Cortex-M-MCU-and-STM32CUBEIDE\CH12 DSP - Tutorial 12-5 Demo of CMSIS DSP lib for FFT calculation\Lib\libarm_cortexM4lf_math.a(arm_rfft_fast_init_f32.o)
 .debug_line    0x000000000000f461      0x2c2 C:\Users\MFIBADEK\STM32CubeIDE\Embedded-systems-course-tutorials-with-ARM-Cortex-M-MCU-and-STM32CUBEIDE\CH12 DSP - Tutorial 12-5 Demo of CMSIS DSP lib for FFT calculation\Lib\libarm_cortexM4lf_math.a(arm_rfft_fast_f32.o)
 .debug_line    0x000000000000f723      0x77e C:\Users\MFIBADEK\STM32CubeIDE\Embedded-systems-course-tutorials-with-ARM-Cortex-M-MCU-and-STM32CUBEIDE\CH12 DSP - Tutorial 12-5 Demo of CMSIS DSP lib for FFT calculation\Lib\libarm_cortexM4lf_math.a(arm_cfft_f32.o)
 .debug_line    0x000000000000fea1      0x20f C:\Users\MFIBADEK\STM32CubeIDE\Embedded-systems-course-tutorials-with-ARM-Cortex-M-MCU-and-STM32CUBEIDE\CH12 DSP - Tutorial 12-5 Demo of CMSIS DSP lib for FFT calculation\Lib\libarm_cortexM4lf_math.a(arm_cmplx_mag_f32.o)
 .debug_line    0x00000000000100b0      0x177 C:\Users\MFIBADEK\STM32CubeIDE\Embedded-systems-course-tutorials-with-ARM-Cortex-M-MCU-and-STM32CUBEIDE\CH12 DSP - Tutorial 12-5 Demo of CMSIS DSP lib for FFT calculation\Lib\libarm_cortexM4lf_math.a(arm_sin_f32.o)
 .debug_line    0x0000000000010227      0x12e C:\Users\MFIBADEK\STM32CubeIDE\Embedded-systems-course-tutorials-with-ARM-Cortex-M-MCU-and-STM32CUBEIDE\CH12 DSP - Tutorial 12-5 Demo of CMSIS DSP lib for FFT calculation\Lib\libarm_cortexM4lf_math.a(arm_common_tables.o)
 .debug_line    0x0000000000010355       0x98 C:\Users\MFIBADEK\STM32CubeIDE\Embedded-systems-course-tutorials-with-ARM-Cortex-M-MCU-and-STM32CUBEIDE\CH12 DSP - Tutorial 12-5 Demo of CMSIS DSP lib for FFT calculation\Lib\libarm_cortexM4lf_math.a(arm_bitreversal2.o)
 .debug_line    0x00000000000103ed      0x67a C:\Users\MFIBADEK\STM32CubeIDE\Embedded-systems-course-tutorials-with-ARM-Cortex-M-MCU-and-STM32CUBEIDE\CH12 DSP - Tutorial 12-5 Demo of CMSIS DSP lib for FFT calculation\Lib\libarm_cortexM4lf_math.a(arm_cfft_radix8_f32.o)

.debug_str      0x0000000000000000    0xe6cb5
 .debug_str     0x0000000000000000    0xe359b ./Core/Src/main.o
                                      0xe39a0 (size before relaxing)
 .debug_str     0x00000000000e359b      0x103 ./Core/Src/stm32f4xx_hal_msp.o
                                      0xdf622 (size before relaxing)
 .debug_str     0x00000000000e369e      0x11f ./Core/Src/stm32f4xx_it.o
                                      0xdeb03 (size before relaxing)
 .debug_str     0x00000000000e37bd       0xdb ./Core/Src/system_stm32f4xx.o
                                      0xde7db (size before relaxing)
 .debug_str     0x00000000000e3898       0xb8 ./Core/Startup/startup_stm32f429zitx.o
 .debug_str     0x00000000000e3950      0x635 ./Drivers/STM32F4xx_HAL_Driver/Src/stm32f4xx_hal.o
                                      0xdf3fe (size before relaxing)
 .debug_str     0x00000000000e3f85      0x28f ./Drivers/STM32F4xx_HAL_Driver/Src/stm32f4xx_hal_adc.o
                                      0xdedb5 (size before relaxing)
 .debug_str     0x00000000000e4214      0x2df ./Drivers/STM32F4xx_HAL_Driver/Src/stm32f4xx_hal_adc_ex.o
                                      0xdee09 (size before relaxing)
 .debug_str     0x00000000000e44f3      0x338 ./Drivers/STM32F4xx_HAL_Driver/Src/stm32f4xx_hal_cortex.o
                                      0xdf0fa (size before relaxing)
 .debug_str     0x00000000000e482b      0x20c ./Drivers/STM32F4xx_HAL_Driver/Src/stm32f4xx_hal_dac.o
                                      0xdec4a (size before relaxing)
 .debug_str     0x00000000000e4a37      0x2d5 ./Drivers/STM32F4xx_HAL_Driver/Src/stm32f4xx_hal_dma.o
                                      0xdebe2 (size before relaxing)
 .debug_str     0x00000000000e4d0c      0x121 ./Drivers/STM32F4xx_HAL_Driver/Src/stm32f4xx_hal_gpio.o
                                      0xde956 (size before relaxing)
 .debug_str     0x00000000000e4e2d      0x12d ./Drivers/STM32F4xx_HAL_Driver/Src/stm32f4xx_hal_pwr_ex.o
                                      0xde9b3 (size before relaxing)
 .debug_str     0x00000000000e4f5a      0x233 ./Drivers/STM32F4xx_HAL_Driver/Src/stm32f4xx_hal_rcc.o
                                      0xdec0f (size before relaxing)
 .debug_str     0x00000000000e518d      0xde1 ./Drivers/STM32F4xx_HAL_Driver/Src/stm32f4xx_hal_tim.o
                                      0xdfb52 (size before relaxing)
 .debug_str     0x00000000000e5f6e      0x493 ./Drivers/STM32F4xx_HAL_Driver/Src/stm32f4xx_hal_tim_ex.o
                                      0xdf35e (size before relaxing)
 .debug_str     0x00000000000e6401      0x328 C:\Users\MFIBADEK\STM32CubeIDE\Embedded-systems-course-tutorials-with-ARM-Cortex-M-MCU-and-STM32CUBEIDE\CH12 DSP - Tutorial 12-5 Demo of CMSIS DSP lib for FFT calculation\Lib\libarm_cortexM4lf_math.a(arm_rfft_fast_init_f32.o)
                                        0x517 (size before relaxing)
 .debug_str     0x00000000000e6729       0x6a C:\Users\MFIBADEK\STM32CubeIDE\Embedded-systems-course-tutorials-with-ARM-Cortex-M-MCU-and-STM32CUBEIDE\CH12 DSP - Tutorial 12-5 Demo of CMSIS DSP lib for FFT calculation\Lib\libarm_cortexM4lf_math.a(arm_rfft_fast_f32.o)
                                        0x2f4 (size before relaxing)
 .debug_str     0x00000000000e6793      0x109 C:\Users\MFIBADEK\STM32CubeIDE\Embedded-systems-course-tutorials-with-ARM-Cortex-M-MCU-and-STM32CUBEIDE\CH12 DSP - Tutorial 12-5 Demo of CMSIS DSP lib for FFT calculation\Lib\libarm_cortexM4lf_math.a(arm_cfft_f32.o)
                                        0x35f (size before relaxing)
 .debug_str     0x00000000000e689c       0x6e C:\Users\MFIBADEK\STM32CubeIDE\Embedded-systems-course-tutorials-with-ARM-Cortex-M-MCU-and-STM32CUBEIDE\CH12 DSP - Tutorial 12-5 Demo of CMSIS DSP lib for FFT calculation\Lib\libarm_cortexM4lf_math.a(arm_cmplx_mag_f32.o)
                                        0x303 (size before relaxing)
 .debug_str     0x00000000000e690a       0x44 C:\Users\MFIBADEK\STM32CubeIDE\Embedded-systems-course-tutorials-with-ARM-Cortex-M-MCU-and-STM32CUBEIDE\CH12 DSP - Tutorial 12-5 Demo of CMSIS DSP lib for FFT calculation\Lib\libarm_cortexM4lf_math.a(arm_sin_f32.o)
                                        0x242 (size before relaxing)
 .debug_str     0x00000000000e694e      0x324 C:\Users\MFIBADEK\STM32CubeIDE\Embedded-systems-course-tutorials-with-ARM-Cortex-M-MCU-and-STM32CUBEIDE\CH12 DSP - Tutorial 12-5 Demo of CMSIS DSP lib for FFT calculation\Lib\libarm_cortexM4lf_math.a(arm_common_tables.o)
                                        0x704 (size before relaxing)
 .debug_str     0x00000000000e6c72       0x43 C:\Users\MFIBADEK\STM32CubeIDE\Embedded-systems-course-tutorials-with-ARM-Cortex-M-MCU-and-STM32CUBEIDE\CH12 DSP - Tutorial 12-5 Demo of CMSIS DSP lib for FFT calculation\Lib\libarm_cortexM4lf_math.a(arm_cfft_radix8_f32.o)
                                        0x256 (size before relaxing)

.debug_frame    0x0000000000000000     0x39cc
 .debug_frame   0x0000000000000000      0x148 ./Core/Src/main.o
 .debug_frame   0x0000000000000148      0x114 ./Core/Src/stm32f4xx_hal_msp.o
 .debug_frame   0x000000000000025c      0x158 ./Core/Src/stm32f4xx_it.o
 .debug_frame   0x00000000000003b4       0x58 ./Core/Src/system_stm32f4xx.o
 .debug_frame   0x000000000000040c      0x3b4 ./Drivers/STM32F4xx_HAL_Driver/Src/stm32f4xx_hal.o
 .debug_frame   0x00000000000007c0      0x3fc ./Drivers/STM32F4xx_HAL_Driver/Src/stm32f4xx_hal_adc.o
 .debug_frame   0x0000000000000bbc      0x250 ./Drivers/STM32F4xx_HAL_Driver/Src/stm32f4xx_hal_adc_ex.o
 .debug_frame   0x0000000000000e0c      0x4b8 ./Drivers/STM32F4xx_HAL_Driver/Src/stm32f4xx_hal_cortex.o
 .debug_frame   0x00000000000012c4      0x338 ./Drivers/STM32F4xx_HAL_Driver/Src/stm32f4xx_hal_dac.o
 .debug_frame   0x00000000000015fc      0x250 ./Drivers/STM32F4xx_HAL_Driver/Src/stm32f4xx_hal_dma.o
 .debug_frame   0x000000000000184c      0x14c ./Drivers/STM32F4xx_HAL_Driver/Src/stm32f4xx_hal_gpio.o
 .debug_frame   0x0000000000001998      0x14c ./Drivers/STM32F4xx_HAL_Driver/Src/stm32f4xx_hal_pwr_ex.o
 .debug_frame   0x0000000000001ae4      0x1f4 ./Drivers/STM32F4xx_HAL_Driver/Src/stm32f4xx_hal_rcc.o
 .debug_frame   0x0000000000001cd8     0x11c0 ./Drivers/STM32F4xx_HAL_Driver/Src/stm32f4xx_hal_tim.o
 .debug_frame   0x0000000000002e98      0x638 ./Drivers/STM32F4xx_HAL_Driver/Src/stm32f4xx_hal_tim_ex.o
 .debug_frame   0x00000000000034d0       0x34 C:\Users\MFIBADEK\STM32CubeIDE\Embedded-systems-course-tutorials-with-ARM-Cortex-M-MCU-and-STM32CUBEIDE\CH12 DSP - Tutorial 12-5 Demo of CMSIS DSP lib for FFT calculation\Lib\libarm_cortexM4lf_math.a(arm_rfft_fast_init_f32.o)
 .debug_frame   0x0000000000003504       0x74 C:\Users\MFIBADEK\STM32CubeIDE\Embedded-systems-course-tutorials-with-ARM-Cortex-M-MCU-and-STM32CUBEIDE\CH12 DSP - Tutorial 12-5 Demo of CMSIS DSP lib for FFT calculation\Lib\libarm_cortexM4lf_math.a(arm_rfft_fast_f32.o)
 .debug_frame   0x0000000000003578       0xfc C:\Users\MFIBADEK\STM32CubeIDE\Embedded-systems-course-tutorials-with-ARM-Cortex-M-MCU-and-STM32CUBEIDE\CH12 DSP - Tutorial 12-5 Demo of CMSIS DSP lib for FFT calculation\Lib\libarm_cortexM4lf_math.a(arm_cfft_f32.o)
 .debug_frame   0x0000000000003674       0x3c C:\Users\MFIBADEK\STM32CubeIDE\Embedded-systems-course-tutorials-with-ARM-Cortex-M-MCU-and-STM32CUBEIDE\CH12 DSP - Tutorial 12-5 Demo of CMSIS DSP lib for FFT calculation\Lib\libarm_cortexM4lf_math.a(arm_cmplx_mag_f32.o)
 .debug_frame   0x00000000000036b0       0x20 C:\Users\MFIBADEK\STM32CubeIDE\Embedded-systems-course-tutorials-with-ARM-Cortex-M-MCU-and-STM32CUBEIDE\CH12 DSP - Tutorial 12-5 Demo of CMSIS DSP lib for FFT calculation\Lib\libarm_cortexM4lf_math.a(arm_sin_f32.o)