../Drivers/CMSIS/Include/core_cm4.h:2064:26:ITM_SendChar	16	static,ignoring_inline_asm
../Core/Src/main.c:123:5:_write	32	static
../Core/Src/main.c:135:5:main	8	static
../Core/Src/main.c:218:6:SystemClock_Config	88	static
../Core/Src/main.c:271:13:MX_TIM2_Init	32	static
../Core/Src/main.c:316:13:MX_GPIO_Init	40	static
../Core/Src/main.c:351:6:StartDefaultTask	16	static
../Core/Src/main.c:366:6:StartmyTask02	16	static
../Core/Src/main.c:381:6:StartmyTask03	16	static
../Core/Src/main.c:406:6:HAL_TIM_PeriodElapsedCallback	16	static
../Core/Src/main.c:426:6:Error_Handler	4	static,ignoring_inline_asm
