../Core/Src/main.c:87:5:_write	24	static
../Core/Src/main.c:97:5:main	8	static
../Core/Src/main.c:151:6:SystemClock_Config	88	static
../Core/Src/main.c:205:13:MX_UART5_Init	8	static
../Core/Src/main.c:238:13:MX_USART1_UART_Init	8	static
../Core/Src/main.c:271:13:MX_GPIO_Init	48	static
../Core/Src/main.c:308:6:HAL_GPIO_EXTI_Callback	16	static
../Core/Src/main.c:319:6:HAL_UART_TxCpltCallback	16	static
../Core/Src/main.c:323:6:HAL_UART_RxCpltCallback	16	static
../Core/Src/main.c:342:6:Error_Handler	4	static,ignoring_inline_asm
