../Drivers/CMSIS/Include/core_cm4.h:2064:26:ITM_SendChar	16	static,ignoring_inline_asm
../Core/Src/main.c:112:5:_write	32	static
../Core/Src/main.c:124:5:main	8	static
../Core/Src/main.c:205:6:SystemClock_Config	88	static
../Core/Src/main.c:258:13:MX_GPIO_Init	40	static
../Core/Src/main.c:293:6:StartDefaultTask	40	static
../Core/Src/main.c:327:6:StartTask02	24	static
../Core/Src/main.c:361:6:HAL_TIM_PeriodElapsedCallback	16	static
../Core/Src/main.c:378:6:Error_Handler	4	static,ignoring_inline_asm
