../Drivers/BSP/Components/lsm303agr/lsm303agr.c:97:6:LSM303AGR_AccInit	24	static
../Drivers/BSP/Components/lsm303agr/lsm303agr.c:118:6:LSM303AGR_AccDeInit	4	static
../Drivers/BSP/Components/lsm303agr/lsm303agr.c:127:9:LSM303AGR_AccReadID	16	static
../Drivers/BSP/Components/lsm303agr/lsm303agr.c:145:6:LSM303AGR_AccRebootCmd	16	static
../Drivers/BSP/Components/lsm303agr/lsm303agr.c:164:6:LSM303AGR_AccFilterConfig	24	static
../Drivers/BSP/Components/lsm303agr/lsm303agr.c:186:6:LSM303AGR_AccFilterCmd	24	static
../Drivers/BSP/Components/lsm303agr/lsm303agr.c:206:6:LSM303AGR_AccReadXYZ	40	static
../Drivers/BSP/Components/lsm303agr/lsm303agr.c:275:6:LSM303AGR_AccFilterClickCmd	24	static
../Drivers/BSP/Components/lsm303agr/lsm303agr.c:303:6:LSM303AGR_AccIT1Enable	24	static
../Drivers/BSP/Components/lsm303agr/lsm303agr.c:330:6:LSM303AGR_AccIT1Disable	24	static
../Drivers/BSP/Components/lsm303agr/lsm303agr.c:356:6:LSM303AGR_AccIT2Enable	24	static
../Drivers/BSP/Components/lsm303agr/lsm303agr.c:382:6:LSM303AGR_AccIT2Disable	24	static
../Drivers/BSP/Components/lsm303agr/lsm303agr.c:402:6:LSM303AGR_AccINT1InterruptEnable	24	static
../Drivers/BSP/Components/lsm303agr/lsm303agr.c:422:6:LSM303AGR_AccINT1InterruptDisable	24	static
../Drivers/BSP/Components/lsm303agr/lsm303agr.c:442:6:LSM303AGR_AccINT2InterruptEnable	24	static
../Drivers/BSP/Components/lsm303agr/lsm303agr.c:462:6:LSM303AGR_AccINT2InterruptDisable	24	static
../Drivers/BSP/Components/lsm303agr/lsm303agr.c:481:6:LSM303AGR_AccClickITEnable	24	static
../Drivers/BSP/Components/lsm303agr/lsm303agr.c:515:6:LSM303AGR_AccClickITDisable	24	static
../Drivers/BSP/Components/lsm303agr/lsm303agr.c:534:6:LSM303AGR_AccZClickITConfig	8	static
