../Drivers/CMSIS/Include/core_cm4.h:2064:26:ITM_SendChar	16	static,ignoring_inline_asm
../Core/Src/main.c:119:5:_write	32	static
../Core/Src/main.c:131:5:main	8	static
../Core/Src/main.c:217:6:SystemClock_Config	88	static
../Core/Src/main.c:270:13:MX_TIM2_Init	32	static
../Core/Src/main.c:315:13:MX_GPIO_Init	40	static
../Core/Src/main.c:350:6:StartDefaultTask	16	static
../Core/Src/main.c:372:6:StartTask02	16	static
../Core/Src/main.c:395:6:StartTask03	16	static
../Core/Src/main.c:414:6:HAL_TIM_PeriodElapsedCallback	16	static
../Core/Src/main.c:435:6:Error_Handler	4	static,ignoring_inline_asm
