../Drivers/CMSIS/Include/core_cm4.h:2064:26:ITM_SendChar	16	static,ignoring_inline_asm
../Core/Src/main.c:141:5:_write	32	static
../Core/Src/main.c:153:5:main	8	static
../Core/Src/main.c:237:6:SystemClock_Config	88	static
../Core/Src/main.c:290:13:MX_TIM2_Init	32	static
../Core/Src/main.c:333:13:MX_TIM3_Init	32	static
../Core/Src/main.c:381:13:MX_GPIO_Init	40	static
../Core/Src/main.c:416:6:StartDefaultTask	32	static
../Core/Src/main.c:454:6:StartTask02	24	static
../Core/Src/main.c:487:6:StartTask03	24	static
../Core/Src/main.c:522:6:HAL_TIM_PeriodElapsedCallback	16	static
../Core/Src/main.c:548:6:Error_Handler	4	static,ignoring_inline_asm
