../Drivers/CMSIS/Include/core_cm4.h:2064:26:ITM_SendChar	16	static,ignoring_inline_asm
../Core/Src/main.c:132:5:_write	32	static
../Core/Src/main.c:144:5:main	8	static
../Core/Src/main.c:235:6:SystemClock_Config	88	static
../Core/Src/main.c:288:13:MX_TIM2_Init	32	static
../Core/Src/main.c:333:13:MX_GPIO_Init	40	static
../Core/Src/main.c:368:6:StartDefaultTask	16	static
../Core/Src/main.c:389:6:StartTask02	16	static
../Core/Src/main.c:411:6:StartTask03	16	static
../Core/Src/main.c:426:6:fillarray	24	static
../Core/Src/main.c:432:6:multiplyarray	24	static
../Core/Src/main.c:438:6:printarray	24	static
../Core/Src/main.c:454:6:HAL_TIM_PeriodElapsedCallback	16	static
../Core/Src/main.c:479:6:Error_Handler	4	static,ignoring_inline_asm
