../Drivers/CMSIS/Include/core_cm4.h:2064:26:ITM_SendChar	16	static,ignoring_inline_asm
../Core/Src/main.c:118:5:_write	32	static
../Core/Src/main.c:130:5:main	8	static
../Core/Src/main.c:208:6:SystemClock_Config	88	static
../Core/Src/main.c:261:13:MX_GPIO_Init	40	static
../Core/Src/main.c:296:6:StartDefaultTask	16	static
../Core/Src/main.c:310:6:StartmyTask02	16	static
../Core/Src/main.c:325:6:ledChange	16	static
../Core/Src/main.c:342:6:HAL_TIM_PeriodElapsedCallback	16	static
../Core/Src/main.c:359:6:Error_Handler	4	static,ignoring_inline_asm
