23:21:49 **** Incremental Build of configuration Debug for project CH10 FreeRTOS - Tutorial 10-4 Task management Example 2 ****
make -j8 all 
arm-none-eabi-gcc "../Core/Src/main.c" -mcpu=cortex-m4 -std=gnu11 -g3 -DDEBUG -DUSE_HAL_DRIVER -DSTM32F429xx -c -I../Core/Inc -I../Drivers/STM32F4xx_HAL_Driver/Inc -I../Drivers/STM32F4xx_HAL_Driver/Inc/Legacy -I../Drivers/CMSIS/Device/ST/STM32F4xx/Include -I../Drivers/CMSIS/Include -I../Middlewares/Third_Party/FreeRTOS/Source/include -I../Middlewares/Third_Party/FreeRTOS/Source/CMSIS_RTOS_V2 -I../Middlewares/Third_Party/FreeRTOS/Source/portable/GCC/ARM_CM4F -O0 -ffunction-sections -fdata-sections -Wall -fstack-usage -fcyclomatic-complexity -MMD -MP -MF"Core/Src/main.d" -MT"Core/Src/main.o" --specs=nano.specs -mfpu=fpv4-sp-d16 -mfloat-abi=hard -mthumb -o "Core/Src/main.o"
arm-none-eabi-gcc -o "CH10 FreeRTOS - Tutorial 10-4 Task management Example 2.elf" @"objects.list"   -mcpu=cortex-m4 -T"C:\Users\MFIBADEK\STM32CubeIDE\Embedded_Education_STM32F4-DISCOVERY\CH10 FreeRTOS - Tutorial 10-4 Task management Example 2\STM32F429ZITX_FLASH.ld" --specs=nosys.specs -Wl,-Map="CH10 FreeRTOS - Tutorial 10-4 Task management Example 2.map" -Wl,--gc-sections -static --specs=nano.specs -mfpu=fpv4-sp-d16 -mfloat-abi=hard -mthumb -Wl,--start-group -lc -lm -Wl,--end-group
Finished building target: CH10 FreeRTOS - Tutorial 10-4 Task management Example 2.elf
 
arm-none-eabi-size  CH10\ FreeRTOS\ -\ Tutorial\ 10-4\ Task\ management\ Example\ 2.elf 
arm-none-eabi-objdump -h -S CH10\ FreeRTOS\ -\ Tutorial\ 10-4\ Task\ management\ Example\ 2.elf  > "CH10 FreeRTOS - Tutorial 10-4 Task management Example 2.list"
   text	   data	    bss	    dec	    hex	filename
  19532	    104	  20888	  40524	   9e4c	CH10 FreeRTOS - Tutorial 10-4 Task management Example 2.elf
Finished building: default.size.stdout
 
Finished building: CH10 FreeRTOS - Tutorial 10-4 Task management Example 2.list
 

23:21:50 Build Finished. 0 errors, 0 warnings. (took 1s.717ms)

