23:21:39 **** Incremental Build of configuration Debug for project CH10 FreeRTOS - Tutorial 10-13 Mutex Example ****
make -j8 all 
arm-none-eabi-gcc "../Core/Src/main.c" -mcpu=cortex-m4 -std=gnu11 -g3 -DDEBUG -DUSE_HAL_DRIVER -DSTM32F429xx -c -I../Core/Inc -I../Drivers/STM32F4xx_HAL_Driver/Inc -I../Drivers/STM32F4xx_HAL_Driver/Inc/Legacy -I../Drivers/CMSIS/Device/ST/STM32F4xx/Include -I../Drivers/CMSIS/Include -I../Middlewares/Third_Party/FreeRTOS/Source/include -I../Middlewares/Third_Party/FreeRTOS/Source/CMSIS_RTOS_V2 -I../Middlewares/Third_Party/FreeRTOS/Source/portable/GCC/ARM_CM4F -O0 -ffunction-sections -fdata-sections -Wall -fstack-usage -fcyclomatic-complexity -MMD -MP -MF"Core/Src/main.d" -MT"Core/Src/main.o" --specs=nano.specs -mfpu=fpv4-sp-d16 -mfloat-abi=hard -mthumb -o "Core/Src/main.o"
arm-none-eabi-gcc -o "CH10 FreeRTOS - Tutorial 10-13 Mutex Example.elf" @"objects.list"   -mcpu=cortex-m4 -T"C:\Users\MFIBADEK\STM32CubeIDE\Embedded_Education_STM32F4-DISCOVERY\CH10 FreeRTOS - Tutorial 10-13 Mutex Example\STM32F429ZITX_FLASH.ld" --specs=nosys.specs -Wl,-Map="CH10 FreeRTOS - Tutorial 10-13 Mutex Example.map" -Wl,--gc-sections -static --specs=nano.specs -mfpu=fpv4-sp-d16 -mfloat-abi=hard -mthumb -Wl,--start-group -lc -lm -Wl,--end-group
Finished building target: CH10 FreeRTOS - Tutorial 10-13 Mutex Example.elf
 
arm-none-eabi-size  CH10\ FreeRTOS\ -\ Tutorial\ 10-13\ Mutex\ Example.elf 
arm-none-eabi-objdump -h -S CH10\ FreeRTOS\ -\ Tutorial\ 10-13\ Mutex\ Example.elf  > "CH10 FreeRTOS - Tutorial 10-13 Mutex Example.list"
   text	   data	    bss	    dec	    hex	filename
  26208	    116	  20908	  47232	   b880	CH10 FreeRTOS - Tutorial 10-13 Mutex Example.elf
Finished building: default.size.stdout
 
Finished building: CH10 FreeRTOS - Tutorial 10-13 Mutex Example.list
 

23:21:41 Build Finished. 0 errors, 0 warnings. (took 1s.866ms)

