13:24:28 **** Incremental Build of configuration Debug for project CH4 Digital IO - Tutorial 4-2 Toggle red and green leds using user button presses ****
make -j8 all 
arm-none-eabi-gcc "../Core/Src/main.c" -mcpu=cortex-m4 -std=gnu11 -g3 -DDEBUG -DUSE_HAL_DRIVER -DSTM32F429xx -c -I../Core/Inc -I../Drivers/STM32F4xx_HAL_Driver/Inc -I../Drivers/STM32F4xx_HAL_Driver/Inc/Legacy -I../Drivers/CMSIS/Device/ST/STM32F4xx/Include -I../Drivers/CMSIS/Include -O0 -ffunction-sections -fdata-sections -Wall -fstack-usage -fcyclomatic-complexity -MMD -MP -MF"Core/Src/main.d" -MT"Core/Src/main.o" --specs=nano.specs -mfpu=fpv4-sp-d16 -mfloat-abi=hard -mthumb -o "Core/Src/main.o"
arm-none-eabi-gcc -o "CH4 Digital IO - Tutorial 4-2 Toggle red and green leds using user button presses.elf" @"objects.list"   -mcpu=cortex-m4 -T"C:\Users\MFIBADEK\STM32CubeIDE\Embedded systems course tutorials with ARM Cortex M MCU and STM32CUBEIDE\CH4 Digital IO - Tutorial 4-2 Toggle red and green leds using user button presses\STM32F429ZITX_FLASH.ld" --specs=nosys.specs -Wl,-Map="CH4 Digital IO - Tutorial 4-2 Toggle red and green leds using user button presses.map" -Wl,--gc-sections -static --specs=nano.specs -mfpu=fpv4-sp-d16 -mfloat-abi=hard -mthumb -Wl,--start-group -lc -lm -Wl,--end-group
Finished building target: CH4 Digital IO - Tutorial 4-2 Toggle red and green leds using user button presses.elf
 
arm-none-eabi-size  CH4\ Digital\ IO\ -\ Tutorial\ 4-2\ Toggle\ red\ and\ green\ leds\ using\ user\ button\ presses.elf 
arm-none-eabi-objdump -h -S CH4\ Digital\ IO\ -\ Tutorial\ 4-2\ Toggle\ red\ and\ green\ leds\ using\ user\ button\ presses.elf  > "CH4 Digital IO - Tutorial 4-2 Toggle red and green leds using user button presses.list"
   text	   data	    bss	    dec	    hex	filename
   6160	     20	   1572	   7752	   1e48	CH4 Digital IO - Tutorial 4-2 Toggle red and green leds using user button presses.elf
Finished building: default.size.stdout
 
Finished building: CH4 Digital IO - Tutorial 4-2 Toggle red and green leds using user button presses.list
 

13:24:29 Build Finished. 0 errors, 0 warnings. (took 1s.132ms)

