14:04:11 **** Incremental Build of configuration Debug for project CH5 Interrupts - Tutorial 5-2 Toggle read and green leds with GPIO interrupt ****
make -j8 all 
arm-none-eabi-size  CH5\ Interrupts\ -\ Tutorial\ 5-2\ Toggle\ read\ and\ green\ leds\ with\ GPIO\ interrupt.elf 
   text	   data	    bss	    dec	    hex	filename
  10712	    112	   1912	  12736	   31c0	CH5 Interrupts - Tutorial 5-2 Toggle read and green leds with GPIO interrupt.elf
Finished building: default.size.stdout
 

14:04:12 Build Finished. 0 errors, 0 warnings. (took 326ms)

