14:10:57 **** Incremental Build of configuration Debug for project CH5 Interrupts - Tutorial 5-3 GPIO interrupts priority effect example ****
make -j8 all 
arm-none-eabi-gcc "../Core/Src/main.c" -mcpu=cortex-m4 -std=gnu11 -g3 -DDEBUG -DUSE_HAL_DRIVER -DSTM32F429xx -c -I../Core/Inc -I../Drivers/STM32F4xx_HAL_Driver/Inc -I../Drivers/STM32F4xx_HAL_Driver/Inc/Legacy -I../Drivers/CMSIS/Device/ST/STM32F4xx/Include -I../Drivers/CMSIS/Include -O0 -ffunction-sections -fdata-sections -Wall -fstack-usage -fcyclomatic-complexity -MMD -MP -MF"Core/Src/main.d" -MT"Core/Src/main.o" --specs=nano.specs -mfpu=fpv4-sp-d16 -mfloat-abi=hard -mthumb -o "Core/Src/main.o"
arm-none-eabi-gcc -o "CH5 Interrupts - Tutorial 5-3 GPIO interrupts priority effect example.elf" @"objects.list"   -mcpu=cortex-m4 -T"C:\Users\MFIBADEK\STM32CubeIDE\Embedded systems course tutorials with ARM Cortex M MCU and STM32CUBEIDE\CH5 Interrupts - Tutorial 5-3 GPIO interrupts priority effect example\STM32F429ZITX_FLASH.ld" --specs=nosys.specs -Wl,-Map="CH5 Interrupts - Tutorial 5-3 GPIO interrupts priority effect example.map" -Wl,--gc-sections -static --specs=nano.specs -mfpu=fpv4-sp-d16 -mfloat-abi=hard -mthumb -Wl,--start-group -lc -lm -Wl,--end-group
Finished building target: CH5 Interrupts - Tutorial 5-3 GPIO interrupts priority effect example.elf
 
arm-none-eabi-size  CH5\ Interrupts\ -\ Tutorial\ 5-3\ GPIO\ interrupts\ priority\ effect\ example.elf 
arm-none-eabi-objdump -h -S CH5\ Interrupts\ -\ Tutorial\ 5-3\ GPIO\ interrupts\ priority\ effect\ example.elf  > "CH5 Interrupts - Tutorial 5-3 GPIO interrupts priority effect example.list"
   text	   data	    bss	    dec	    hex	filename
  10672	    112	   1912	  12696	   3198	CH5 Interrupts - Tutorial 5-3 GPIO interrupts priority effect example.elf
Finished building: default.size.stdout
 
Finished building: CH5 Interrupts - Tutorial 5-3 GPIO interrupts priority effect example.list
 

14:10:58 Build Finished. 0 errors, 0 warnings. (took 1s.187ms)

