14:40:35 **** Incremental Build of configuration Debug for project CH5 PWR Management - Tutorial 5-7 Usage of Stop Mode Example ****
make -j8 all 
arm-none-eabi-size  CH5\ PWR\ Management\ -\ Tutorial\ 5-7\ Usage\ of\ Stop\ Mode\ Example.elf 
   text	   data	    bss	    dec	    hex	filename
   6428	     20	   1580	   8028	   1f5c	CH5 PWR Management - Tutorial 5-7 Usage of Stop Mode Example.elf
Finished building: default.size.stdout
 

14:40:36 Build Finished. 0 errors, 0 warnings. (took 367ms)

