14:31:43 **** Incremental Build of configuration Debug for project CH5 PWR Management Standby Mode ****
make -j8 all 
arm-none-eabi-gcc "../Core/Src/main.c" -mcpu=cortex-m4 -std=gnu11 -g3 -DDEBUG -DUSE_HAL_DRIVER -DSTM32F429xx -c -I../Core/Inc -I../Drivers/STM32F4xx_HAL_Driver/Inc -I../Drivers/STM32F4xx_HAL_Driver/Inc/Legacy -I../Drivers/CMSIS/Device/ST/STM32F4xx/Include -I../Drivers/CMSIS/Include -O0 -ffunction-sections -fdata-sections -Wall -fstack-usage -fcyclomatic-complexity -MMD -MP -MF"Core/Src/main.d" -MT"Core/Src/main.o" --specs=nano.specs -mfpu=fpv4-sp-d16 -mfloat-abi=hard -mthumb -o "Core/Src/main.o"
arm-none-eabi-gcc -o "CH5 PWR Management Standby Mode.elf" @"objects.list"   -mcpu=cortex-m4 -T"C:\Users\MFIBADEK\STM32CubeIDE\Embedded systems course tutorials with ARM Cortex M MCU and STM32CUBEIDE\CH5 PWR Management Standby Mode\STM32F429ZITX_FLASH.ld" --specs=nosys.specs -Wl,-Map="CH5 PWR Management Standby Mode.map" -Wl,--gc-sections -static --specs=nano.specs -mfpu=fpv4-sp-d16 -mfloat-abi=hard -mthumb -Wl,--start-group -lc -lm -Wl,--end-group
Finished building target: CH5 PWR Management Standby Mode.elf
 
arm-none-eabi-size  CH5\ PWR\ Management\ Standby\ Mode.elf 
arm-none-eabi-objdump -h -S CH5\ PWR\ Management\ Standby\ Mode.elf  > "CH5 PWR Management Standby Mode.list"
   text	   data	    bss	    dec	    hex	filename
   6180	     20	   1572	   7772	   1e5c	CH5 PWR Management Standby Mode.elf
Finished building: default.size.stdout
 
Finished building: CH5 PWR Management Standby Mode.list
 

14:31:44 Build Finished. 0 errors, 0 warnings. (took 1s.42ms)

