19:03:20 **** Incremental Build of configuration Debug for project CH6 P6-16 Timers_Master_Slave_Gated_Mode ****
make -j8 all 
arm-none-eabi-gcc "../Core/Src/main.c" -mcpu=cortex-m4 -std=gnu11 -g3 -DDEBUG -DUSE_HAL_DRIVER -DSTM32F429xx -c -I../Core/Inc -I../Drivers/STM32F4xx_HAL_Driver/Inc -I../Drivers/STM32F4xx_HAL_Driver/Inc/Legacy -I../Drivers/CMSIS/Device/ST/STM32F4xx/Include -I../Drivers/CMSIS/Include -O0 -ffunction-sections -fdata-sections -Wall -fstack-usage -fcyclomatic-complexity -MMD -MP -MF"Core/Src/main.d" -MT"Core/Src/main.o" --specs=nano.specs -mfpu=fpv4-sp-d16 -mfloat-abi=hard -mthumb -o "Core/Src/main.o"
arm-none-eabi-gcc -o "CH6 P6-16 Timers_Master_Slave_Gated_Mode.elf" @"objects.list"   -mcpu=cortex-m4 -T"C:\Users\MFIBADEK\STM32CubeIDE\STM32F4Dicovery\CH6 P6-16 Timers_Master_Slave_Gated_Mode\STM32F429ZITX_FLASH.ld" --specs=nosys.specs -Wl,-Map="CH6 P6-16 Timers_Master_Slave_Gated_Mode.map" -Wl,--gc-sections -static --specs=nano.specs -mfpu=fpv4-sp-d16 -mfloat-abi=hard -mthumb -Wl,--start-group -lc -lm -Wl,--end-group
Finished building target: CH6 P6-16 Timers_Master_Slave_Gated_Mode.elf
 
arm-none-eabi-size   CH6\ P6-16\ Timers_Master_Slave_Gated_Mode.elf 
arm-none-eabi-objdump -h -S  CH6\ P6-16\ Timers_Master_Slave_Gated_Mode.elf  > "CH6 P6-16 Timers_Master_Slave_Gated_Mode.list"
   text	   data	    bss	    dec	    hex	filename
  11044	     20	   1716	  12780	   31ec	CH6 P6-16 Timers_Master_Slave_Gated_Mode.elf
Finished building: default.size.stdout
 
Finished building: CH6 P6-16 Timers_Master_Slave_Gated_Mode.list
 

19:03:21 Build Finished. 0 errors, 0 warnings. (took 942ms)

