17:48:34 **** Incremental Build of configuration Debug for project CH6 Tutorial 6-2 Measure button press time - Input Capture ****
make -j8 all 
arm-none-eabi-gcc "../Core/Src/main.c" -mcpu=cortex-m4 -std=gnu11 -g3 -DDEBUG -DUSE_HAL_DRIVER -DSTM32F429xx -c -I../Core/Inc -I../Drivers/STM32F4xx_HAL_Driver/Inc -I../Drivers/STM32F4xx_HAL_Driver/Inc/Legacy -I../Drivers/CMSIS/Device/ST/STM32F4xx/Include -I../Drivers/CMSIS/Include -O0 -ffunction-sections -fdata-sections -Wall -fstack-usage -fcyclomatic-complexity -MMD -MP -MF"Core/Src/main.d" -MT"Core/Src/main.o" --specs=nano.specs -mfpu=fpv4-sp-d16 -mfloat-abi=hard -mthumb -o "Core/Src/main.o"
arm-none-eabi-gcc -o "CH6 Tutorial 6-2 Measure button press time - Input Capture.elf" @"objects.list"   -mcpu=cortex-m4 -T"C:\Users\MFIBADEK\STM32CubeIDE\STM32F4Dicovery\CH6 Tutorial 6-2 Measure button press time - Input Capture\STM32F429ZITX_FLASH.ld" --specs=nosys.specs -Wl,-Map="CH6 Tutorial 6-2 Measure button press time - Input Capture.map" -Wl,--gc-sections -static --specs=nano.specs -mfpu=fpv4-sp-d16 -mfloat-abi=hard -mthumb -u _printf_float -Wl,--start-group -lc -lm -Wl,--end-group
Finished building target: CH6 Tutorial 6-2 Measure button press time - Input Capture.elf
 
arm-none-eabi-size   CH6\ Tutorial\ 6-2\ Measure\ button\ press\ time\ -\ Input\ Capture.elf 
arm-none-eabi-objdump -h -S  CH6\ Tutorial\ 6-2\ Measure\ button\ press\ time\ -\ Input\ Capture.elf  > "CH6 Tutorial 6-2 Measure button press time - Input Capture.list"
   text	   data	    bss	    dec	    hex	filename
  29288	    484	   1844	  31616	   7b80	CH6 Tutorial 6-2 Measure button press time - Input Capture.elf
Finished building: default.size.stdout
 
Finished building: CH6 Tutorial 6-2 Measure button press time - Input Capture.list
 

17:48:36 Build Finished. 0 errors, 0 warnings. (took 1s.69ms)

