16:38:37 **** Incremental Build of configuration Debug for project CH6 Start with Timers - Toggle led ****
make -j8 all 
arm-none-eabi-gcc "../Core/Src/main.c" -mcpu=cortex-m4 -std=gnu11 -g3 -DDEBUG -DUSE_HAL_DRIVER -DSTM32F429xx -c -I../Core/Inc -I../Drivers/STM32F4xx_HAL_Driver/Inc -I../Drivers/STM32F4xx_HAL_Driver/Inc/Legacy -I../Drivers/CMSIS/Device/ST/STM32F4xx/Include -I../Drivers/CMSIS/Include -O0 -ffunction-sections -fdata-sections -Wall -fstack-usage -fcyclomatic-complexity -MMD -MP -MF"Core/Src/main.d" -MT"Core/Src/main.o" --specs=nano.specs -mfpu=fpv4-sp-d16 -mfloat-abi=hard -mthumb -o "Core/Src/main.o"
arm-none-eabi-gcc -o "CH6 Start with Timers - Toggle led.elf" @"objects.list"   -mcpu=cortex-m4 -T"C:\Users\MFIBADEK\STM32CubeIDE\STM32F4Dicovery\CH6 Start with Timers - Toggle led\STM32F429ZITX_FLASH.ld" --specs=nosys.specs -Wl,-Map="CH6 Start with Timers - Toggle led.map" -Wl,--gc-sections -static --specs=nano.specs -mfpu=fpv4-sp-d16 -mfloat-abi=hard -mthumb -Wl,--start-group -lc -lm -Wl,--end-group
Finished building target: CH6 Start with Timers - Toggle led.elf
 
arm-none-eabi-size   CH6\ Start\ with\ Timers\ -\ Toggle\ led.elf 
arm-none-eabi-objdump -h -S  CH6\ Start\ with\ Timers\ -\ Toggle\ led.elf  > "CH6 Start with Timers - Toggle led.list"
   text	   data	    bss	    dec	    hex	filename
  12980	    120	   1816	  14916	   3a44	CH6 Start with Timers - Toggle led.elf
Finished building: default.size.stdout
 
Finished building: CH6 Start with Timers - Toggle led.list
 

16:38:38 Build Finished. 0 errors, 0 warnings. (took 964ms)

