23:24:01 **** Build of configuration Debug for project CH7 ADC-PWM-DAC - Tutorial 7-2  ADC in single-shot measurement with HW trigger ****
make -j8 all 
arm-none-eabi-gcc "../Core/Src/main.c" -mcpu=cortex-m4 -std=gnu11 -g3 -DDEBUG -DUSE_HAL_DRIVER -DSTM32F429xx -c -I../Core/Inc -I../Drivers/STM32F4xx_HAL_Driver/Inc -I../Drivers/STM32F4xx_HAL_Driver/Inc/Legacy -I../Drivers/CMSIS/Device/ST/STM32F4xx/Include -I../Drivers/CMSIS/Include -O0 -ffunction-sections -fdata-sections -Wall -fstack-usage -fcyclomatic-complexity -MMD -MP -MF"Core/Src/main.d" -MT"Core/Src/main.o" --specs=nano.specs -mfpu=fpv4-sp-d16 -mfloat-abi=hard -mthumb -o "Core/Src/main.o"
arm-none-eabi-gcc -o "CH7 ADC-PWM-DAC - Tutorial 7-2  ADC in single-shot measurement with HW trigger.elf" @"objects.list"   -mcpu=cortex-m4 -T"C:\Users\MFIBADEK\STM32CubeIDE\Embedded_Education_STM32F4-DISCOVERY\CH7 ADC-PWM-DAC - Tutorial 7-2  ADC in single-shot measurement with HW trigger\STM32F429ZITX_FLASH.ld" --specs=nosys.specs -Wl,-Map="CH7 ADC-PWM-DAC - Tutorial 7-2  ADC in single-shot measurement with HW trigger.map" -Wl,--gc-sections -static --specs=nano.specs -mfpu=fpv4-sp-d16 -mfloat-abi=hard -mthumb -Wl,--start-group -lc -lm -Wl,--end-group
Finished building target: CH7 ADC-PWM-DAC - Tutorial 7-2  ADC in single-shot measurement with HW trigger.elf
 
arm-none-eabi-size  CH7\ ADC-PWM-DAC\ -\ Tutorial\ 7-2\ \ ADC\ in\ single-shot\ measurement\ with\ HW\ trigger.elf 
arm-none-eabi-objdump -h -S CH7\ ADC-PWM-DAC\ -\ Tutorial\ 7-2\ \ ADC\ in\ single-shot\ measurement\ with\ HW\ trigger.elf  > "CH7 ADC-PWM-DAC - Tutorial 7-2  ADC in single-shot measurement with HW trigger.list"
   text	   data	    bss	    dec	    hex	filename
  10424	     24	   1648	  12096	   2f40	CH7 ADC-PWM-DAC - Tutorial 7-2  ADC in single-shot measurement with HW trigger.elf
Finished building: default.size.stdout
 
Finished building: CH7 ADC-PWM-DAC - Tutorial 7-2  ADC in single-shot measurement with HW trigger.list
 

23:24:02 Build Finished. 0 errors, 0 warnings. (took 1s.821ms)

