11:17:58 **** Build of configuration Debug for project CH8 Communication - Tutorial 8-3 UART_Non blocking_LoopBack operation mode ****
make -j8 all 
arm-none-eabi-size   CH8\ Communication\ -\ Tutorial\ 8-3\ UART_Non\ blocking_LoopBack\ operation\ mode.elf 
   text	   data	    bss	    dec	    hex	filename
  15180	    140	   1732	  17052	   429c	CH8 Communication - Tutorial 8-3 UART_Non blocking_LoopBack operation mode.elf
Finished building: default.size.stdout
 

11:17:58 Build Finished. 0 errors, 0 warnings. (took 385ms)

