15:54:31 **** Incremental Build of configuration Debug for project CH9 Memory - Tutorial 9-14 UART data transfer using DMA - V2 ****
make -j8 all 
arm-none-eabi-size  CH9\ Memory\ -\ Tutorial\ 9-14\ UART\ data\ transfer\ using\ DMA\ -\ V2.elf 
   text	   data	    bss	    dec	    hex	filename
  15240	     40	   1808	  17088	   42c0	CH9 Memory - Tutorial 9-14 UART data transfer using DMA - V2.elf
Finished building: default.size.stdout
 

15:54:31 Build Finished. 0 errors, 0 warnings. (took 555ms)

