13:04:19 **** Build of configuration Debug for project CH9 Memory - Tutorial 9-14 UART data transfer using DMA ****
make -j8 all 
arm-none-eabi-gcc "../Core/Src/main.c" -mcpu=cortex-m4 -std=gnu11 -g3 -DDEBUG -DUSE_HAL_DRIVER -DSTM32F429xx -c -I../Core/Inc -I../Drivers/STM32F4xx_HAL_Driver/Inc -I../Drivers/STM32F4xx_HAL_Driver/Inc/Legacy -I../Drivers/CMSIS/Device/ST/STM32F4xx/Include -I../Drivers/CMSIS/Include -O0 -ffunction-sections -fdata-sections -Wall -fstack-usage -fcyclomatic-complexity -MMD -MP -MF"Core/Src/main.d" -MT"Core/Src/main.o" --specs=nano.specs -mfpu=fpv4-sp-d16 -mfloat-abi=hard -mthumb -o "Core/Src/main.o"
arm-none-eabi-gcc -o "CH9 Memory - Tutorial 9-14 UART data transfer using DMA.elf" @"objects.list"   -mcpu=cortex-m4 -T"C:\Users\MFIBADEK\STM32CubeIDE\Embedded_Education_STM32F4-DISCOVERY\CH9 Memory - Tutorial 9-14 UART data transfer using DMA\STM32F429ZITX_FLASH.ld" --specs=nosys.specs -Wl,-Map="CH9 Memory - Tutorial 9-14 UART data transfer using DMA.map" -Wl,--gc-sections -static --specs=nano.specs -mfpu=fpv4-sp-d16 -mfloat-abi=hard -mthumb -Wl,--start-group -lc -lm -Wl,--end-group
Finished building target: CH9 Memory - Tutorial 9-14 UART data transfer using DMA.elf
 
arm-none-eabi-size  CH9\ Memory\ -\ Tutorial\ 9-14\ UART\ data\ transfer\ using\ DMA.elf 
arm-none-eabi-objdump -h -S CH9\ Memory\ -\ Tutorial\ 9-14\ UART\ data\ transfer\ using\ DMA.elf  > "CH9 Memory - Tutorial 9-14 UART data transfer using DMA.list"
   text	   data	    bss	    dec	    hex	filename
  16144	     24	   1808	  17976	   4638	CH9 Memory - Tutorial 9-14 UART data transfer using DMA.elf
Finished building: default.size.stdout
 
Finished building: CH9 Memory - Tutorial 9-14 UART data transfer using DMA.list
 

13:04:20 Build Finished. 0 errors, 0 warnings. (took 1s.36ms)

