12:37:55 **** Incremental Build of configuration Debug for project CH9 Memory - Tutorial 9-15 ADC DMA maximum transfer speed on STM32F429 Board ****
make -j8 all 
arm-none-eabi-gcc "../Core/Src/main.c" -mcpu=cortex-m4 -std=gnu11 -g3 -DDEBUG -DUSE_HAL_DRIVER -DSTM32F429xx -c -I../Core/Inc -I../Drivers/STM32F4xx_HAL_Driver/Inc -I../Drivers/STM32F4xx_HAL_Driver/Inc/Legacy -I../Drivers/CMSIS/Device/ST/STM32F4xx/Include -I../Drivers/CMSIS/Include -O0 -ffunction-sections -fdata-sections -Wall -fstack-usage -fcyclomatic-complexity -MMD -MP -MF"Core/Src/main.d" -MT"Core/Src/main.o" --specs=nano.specs -mfpu=fpv4-sp-d16 -mfloat-abi=hard -mthumb -o "Core/Src/main.o"
arm-none-eabi-gcc -o "CH9 Memory - Tutorial 9-15 ADC DMA maximum transfer speed on STM32F429 Board.elf" @"objects.list"   -mcpu=cortex-m4 -T"C:\Users\MFIBADEK\STM32CubeIDE\Embedded_Education_STM32F4-DISCOVERY\CH9 Memory - Tutorial 9-15 ADC DMA maximum transfer speed on STM32F429 Board\STM32F429ZITX_FLASH.ld" --specs=nosys.specs -Wl,-Map="CH9 Memory - Tutorial 9-15 ADC DMA maximum transfer speed on STM32F429 Board.map" -Wl,--gc-sections -static --specs=nano.specs -mfpu=fpv4-sp-d16 -mfloat-abi=hard -mthumb -Wl,--start-group -lc -lm -Wl,--end-group
Finished building target: CH9 Memory - Tutorial 9-15 ADC DMA maximum transfer speed on STM32F429 Board.elf
 
arm-none-eabi-size  CH9\ Memory\ -\ Tutorial\ 9-15\ ADC\ DMA\ maximum\ transfer\ speed\ on\ STM32F429\ Board.elf 
arm-none-eabi-objdump -h -S CH9\ Memory\ -\ Tutorial\ 9-15\ ADC\ DMA\ maximum\ transfer\ speed\ on\ STM32F429\ Board.elf  > "CH9 Memory - Tutorial 9-15 ADC DMA maximum transfer speed on STM32F429 Board.list"
   text	   data	    bss	    dec	    hex	filename
  11244	     20	 132812	 144076	  232cc	CH9 Memory - Tutorial 9-15 ADC DMA maximum transfer speed on STM32F429 Board.elf
Finished building: default.size.stdout
 
Finished building: CH9 Memory - Tutorial 9-15 ADC DMA maximum transfer speed on STM32F429 Board.list
 

12:37:56 Build Finished. 0 errors, 0 warnings. (took 1s.344ms)

